Archive member included because of file (symbol)

c:/users/yushev/downloads/dave_4-4-2_64bit_2018-02-23/dave-ide-4.4.2-64bit/eclipse/arm-gcc-49/bin/../lib/gcc/arm-none-eabi/4.9.3/armv7e-m/softfp\libgcc.a(_lshrdi3.o)
                              ./lib/xmc/Dave/Generated/TIMER/timer.o (__aeabi_llsr)
c:/users/yushev/downloads/dave_4-4-2_64bit_2018-02-23/dave-ide-4.4.2-64bit/eclipse/arm-gcc-49/bin/../lib/gcc/arm-none-eabi/4.9.3/armv7e-m/softfp\libgcc.a(_aeabi_uldivmod.o)
                              ./lib/xmc/Dave/Generated/TIMER/timer.o (__aeabi_uldivmod)
c:/users/yushev/downloads/dave_4-4-2_64bit_2018-02-23/dave-ide-4.4.2-64bit/eclipse/arm-gcc-49/bin/../lib/gcc/arm-none-eabi/4.9.3/armv7e-m/softfp\libgcc.a(bpabi.o)
                              c:/users/yushev/downloads/dave_4-4-2_64bit_2018-02-23/dave-ide-4.4.2-64bit/eclipse/arm-gcc-49/bin/../lib/gcc/arm-none-eabi/4.9.3/armv7e-m/softfp\libgcc.a(_aeabi_uldivmod.o) (__gnu_uldivmod_helper)
c:/users/yushev/downloads/dave_4-4-2_64bit_2018-02-23/dave-ide-4.4.2-64bit/eclipse/arm-gcc-49/bin/../lib/gcc/arm-none-eabi/4.9.3/armv7e-m/softfp\libgcc.a(_dvmd_tls.o)
                              c:/users/yushev/downloads/dave_4-4-2_64bit_2018-02-23/dave-ide-4.4.2-64bit/eclipse/arm-gcc-49/bin/../lib/gcc/arm-none-eabi/4.9.3/armv7e-m/softfp\libgcc.a(_aeabi_uldivmod.o) (__aeabi_ldiv0)
c:/users/yushev/downloads/dave_4-4-2_64bit_2018-02-23/dave-ide-4.4.2-64bit/eclipse/arm-gcc-49/bin/../lib/gcc/arm-none-eabi/4.9.3/armv7e-m/softfp\libgcc.a(_divdi3.o)
                              c:/users/yushev/downloads/dave_4-4-2_64bit_2018-02-23/dave-ide-4.4.2-64bit/eclipse/arm-gcc-49/bin/../lib/gcc/arm-none-eabi/4.9.3/armv7e-m/softfp\libgcc.a(bpabi.o) (__divdi3)
c:/users/yushev/downloads/dave_4-4-2_64bit_2018-02-23/dave-ide-4.4.2-64bit/eclipse/arm-gcc-49/bin/../lib/gcc/arm-none-eabi/4.9.3/armv7e-m/softfp\libgcc.a(_udivdi3.o)
                              c:/users/yushev/downloads/dave_4-4-2_64bit_2018-02-23/dave-ide-4.4.2-64bit/eclipse/arm-gcc-49/bin/../lib/gcc/arm-none-eabi/4.9.3/armv7e-m/softfp\libgcc.a(bpabi.o) (__udivdi3)
c:/users/yushev/downloads/dave_4-4-2_64bit_2018-02-23/dave-ide-4.4.2-64bit/eclipse/arm-gcc-49/bin/../lib/gcc/arm-none-eabi/4.9.3/../../../../arm-none-eabi/lib/armv7e-m/softfp\libg_nano.a(lib_a-calloc.o)
                              ./lib/optiga/util/optiga_util.o (calloc)
c:/users/yushev/downloads/dave_4-4-2_64bit_2018-02-23/dave-ide-4.4.2-64bit/eclipse/arm-gcc-49/bin/../lib/gcc/arm-none-eabi/4.9.3/../../../../arm-none-eabi/lib/armv7e-m/softfp\libg_nano.a(lib_a-errno.o)
                              ./lib/xmc/Newlib/syscalls.o (__errno)
c:/users/yushev/downloads/dave_4-4-2_64bit_2018-02-23/dave-ide-4.4.2-64bit/eclipse/arm-gcc-49/bin/../lib/gcc/arm-none-eabi/4.9.3/../../../../arm-none-eabi/lib/armv7e-m/softfp\libg_nano.a(lib_a-impure.o)
                              c:/users/yushev/downloads/dave_4-4-2_64bit_2018-02-23/dave-ide-4.4.2-64bit/eclipse/arm-gcc-49/bin/../lib/gcc/arm-none-eabi/4.9.3/../../../../arm-none-eabi/lib/armv7e-m/softfp\libg_nano.a(lib_a-calloc.o) (_impure_ptr)
c:/users/yushev/downloads/dave_4-4-2_64bit_2018-02-23/dave-ide-4.4.2-64bit/eclipse/arm-gcc-49/bin/../lib/gcc/arm-none-eabi/4.9.3/../../../../arm-none-eabi/lib/armv7e-m/softfp\libg_nano.a(lib_a-init.o)
                              ./lib/xmc/Startup/startup_XMC4800.o (__libc_init_array)
c:/users/yushev/downloads/dave_4-4-2_64bit_2018-02-23/dave-ide-4.4.2-64bit/eclipse/arm-gcc-49/bin/../lib/gcc/arm-none-eabi/4.9.3/../../../../arm-none-eabi/lib/armv7e-m/softfp\libg_nano.a(lib_a-malloc.o)
                              ./lib/optiga/util/optiga_util.o (free)
c:/users/yushev/downloads/dave_4-4-2_64bit_2018-02-23/dave-ide-4.4.2-64bit/eclipse/arm-gcc-49/bin/../lib/gcc/arm-none-eabi/4.9.3/../../../../arm-none-eabi/lib/armv7e-m/softfp\libg_nano.a(lib_a-memcpy.o)
                              ./lib/xmc/XMCLib/src/xmc_eth_mac.o (memcpy)
c:/users/yushev/downloads/dave_4-4-2_64bit_2018-02-23/dave-ide-4.4.2-64bit/eclipse/arm-gcc-49/bin/../lib/gcc/arm-none-eabi/4.9.3/../../../../arm-none-eabi/lib/armv7e-m/softfp\libg_nano.a(lib_a-memset.o)
                              ./lib/xmc/XMCLib/src/xmc_usbd.o (memset)
c:/users/yushev/downloads/dave_4-4-2_64bit_2018-02-23/dave-ide-4.4.2-64bit/eclipse/arm-gcc-49/bin/../lib/gcc/arm-none-eabi/4.9.3/../../../../arm-none-eabi/lib/armv7e-m/softfp\libg_nano.a(lib_a-nano-callocr.o)
                              c:/users/yushev/downloads/dave_4-4-2_64bit_2018-02-23/dave-ide-4.4.2-64bit/eclipse/arm-gcc-49/bin/../lib/gcc/arm-none-eabi/4.9.3/../../../../arm-none-eabi/lib/armv7e-m/softfp\libg_nano.a(lib_a-calloc.o) (_calloc_r)
c:/users/yushev/downloads/dave_4-4-2_64bit_2018-02-23/dave-ide-4.4.2-64bit/eclipse/arm-gcc-49/bin/../lib/gcc/arm-none-eabi/4.9.3/../../../../arm-none-eabi/lib/armv7e-m/softfp\libg_nano.a(lib_a-nano-freer.o)
[...]
Memory Configuration

Name             Origin             Length             Attributes
FLASH_1_cached   0x08000000         0x00200000         xr
FLASH_1_uncached 0x0c000000         0x00200000         xr
PSRAM_1          0x1ffe8000         0x00018000         !xr
DSRAM_1_system   0x20000000         0x00020000         !xr
DSRAM_2_comm     0x20020000         0x00020000         !xr
SRAM_combined    0x1ffe8000         0x00058000         !xr
*default*        0x00000000         0xffffffff

Linker script and memory map

LOAD ./lib/xmc/XMCLib/src/xmc4_eru.o
LOAD ./lib/xmc/XMCLib/src/xmc4_flash.o
LOAD ./lib/xmc/XMCLib/src/xmc4_gpio.o
LOAD ./lib/xmc/XMCLib/src/xmc4_rtc.o
LOAD ./lib/xmc/XMCLib/src/xmc4_scu.o
LOAD ./lib/xmc/XMCLib/src/xmc_can.o
LOAD ./lib/xmc/XMCLib/src/xmc_ccu4.o
LOAD ./lib/xmc/XMCLib/src/xmc_ccu8.o
LOAD ./lib/xmc/XMCLib/src/xmc_common.o
LOAD ./lib/xmc/XMCLib/src/xmc_dac.o
LOAD ./lib/xmc/XMCLib/src/xmc_dma.o
LOAD ./lib/xmc/XMCLib/src/xmc_dsd.o
LOAD ./lib/xmc/XMCLib/src/xmc_ebu.o
LOAD ./lib/xmc/XMCLib/src/xmc_ecat.o
LOAD ./lib/xmc/XMCLib/src/xmc_eru.o
LOAD ./lib/xmc/XMCLib/src/xmc_eth_mac.o
LOAD ./lib/xmc/XMCLib/src/xmc_eth_phy_dp83848.o
LOAD ./lib/xmc/XMCLib/src/xmc_eth_phy_ksz8031rnl.o
LOAD ./lib/xmc/XMCLib/src/xmc_eth_phy_ksz8081rnb.o
LOAD ./lib/xmc/XMCLib/src/xmc_fce.o
LOAD ./lib/xmc/XMCLib/src/xmc_gpio.o
LOAD ./lib/xmc/XMCLib/src/xmc_hrpwm.o
LOAD ./lib/xmc/XMCLib/src/xmc_i2c.o
LOAD ./lib/xmc/XMCLib/src/xmc_i2s.o
LOAD ./lib/xmc/XMCLib/src/xmc_ledts.o
LOAD ./lib/xmc/XMCLib/src/xmc_posif.o
LOAD ./lib/xmc/XMCLib/src/xmc_rtc.o
LOAD ./lib/xmc/XMCLib/src/xmc_sdmmc.o
LOAD ./lib/xmc/XMCLib/src/xmc_spi.o
LOAD ./lib/xmc/XMCLib/src/xmc_uart.o
LOAD ./lib/xmc/XMCLib/src/xmc_usbd.o
LOAD ./lib/xmc/XMCLib/src/xmc_usbh.o
LOAD ./lib/xmc/XMCLib/src/xmc_usic.o
LOAD ./lib/xmc/XMCLib/src/xmc_vadc.o
LOAD ./lib/xmc/XMCLib/src/xmc_wdt.o
LOAD ./lib/xmc/Startup/startup_XMC4800.o
LOAD ./lib/xmc/Startup/system_XMC4800.o
LOAD ./lib/xmc/Newlib/syscalls.o
LOAD ./lib/xmc/Dave/Generated/USBD_VCOM/virtual_com/descriptors.o
LOAD ./lib/xmc/Dave/Generated/USBD_VCOM/class_driver/device/cdc_class_device.o
LOAD ./lib/xmc/Dave/Generated/USBD_VCOM/usbd_vcom.o
LOAD ./lib/xmc/Dave/Generated/USBD_VCOM/usbd_vcom_conf.o
LOAD ./lib/xmc/Dave/Generated/USBD/usb/core/xmc4000/usbd_endpoint_stream_xmc4000.o
LOAD ./lib/xmc/Dave/Generated/USBD/usb/core/xmc4000/usbd_endpoint_xmc4000.o
LOAD ./lib/xmc/Dave/Generated/USBD/usb/core/usb_task.o
LOAD ./lib/xmc/Dave/Generated/USBD/usbd.o
LOAD ./lib/xmc/Dave/Generated/USBD/usbd_conf.o
LOAD ./lib/xmc/Dave/Generated/UART/uart.o
LOAD ./lib/xmc/Dave/Generated/UART/uart_conf.o
LOAD ./lib/xmc/Dave/Generated/TIMER/timer.o
LOAD ./lib/xmc/Dave/Generated/TIMER/timer_conf.o
LOAD ./lib/xmc/Dave/Generated/INTERRUPT/interrupt.o
LOAD ./lib/xmc/Dave/Generated/INTERRUPT/interrupt_conf.o
LOAD ./lib/xmc/Dave/Generated/I2C_MASTER/i2c_master.o
LOAD ./lib/xmc/Dave/Generated/I2C_MASTER/i2c_master_conf.o
LOAD ./lib/xmc/Dave/Generated/GLOBAL_CCU4/global_ccu4.o
LOAD ./lib/xmc/Dave/Generated/GLOBAL_CCU4/global_ccu4_conf.o
LOAD ./lib/xmc/Dave/Generated/DIGITAL_IO/digital_io.o
LOAD ./lib/xmc/Dave/Generated/DIGITAL_IO/digital_io_conf.o
LOAD ./lib/xmc/Dave/Generated/CPU_CTRL_XMC4/cpu_ctrl_xmc4.o
LOAD ./lib/xmc/Dave/Generated/CPU_CTRL_XMC4/cpu_ctrl_xmc4_conf.o
LOAD ./lib/xmc/Dave/Generated/CLOCK_XMC4/clock_xmc4.o
LOAD ./lib/xmc/Dave/Generated/CLOCK_XMC4/clock_xmc4_conf.o
LOAD ./lib/xmc/Dave/Generated/DAVE.o
LOAD ./lib/pal/pal.o
LOAD ./lib/pal/pal_crypt_mbedtls.o
LOAD ./lib/pal/pal_gpio.o
LOAD ./lib/pal/pal_i2c.o
LOAD ./lib/pal/pal_ifx_i2c_config.o
LOAD ./lib/pal/pal_logger.o
LOAD ./lib/pal/pal_os_datastore.o
LOAD ./lib/pal/pal_os_event.o
LOAD ./lib/pal/pal_os_lock.o
LOAD ./lib/pal/pal_os_timer.o
LOAD ./lib/optiga/util/optiga_util.o
LOAD ./lib/optiga/crypt/optiga_crypt.o
LOAD ./lib/optiga/comms/ifx_i2c/ifx_i2c.o
LOAD ./lib/optiga/comms/ifx_i2c/ifx_i2c_config.o
LOAD ./lib/optiga/comms/ifx_i2c/ifx_i2c_data_link_layer.o
LOAD ./lib/optiga/comms/ifx_i2c/ifx_i2c_physical_layer.o
LOAD ./lib/optiga/comms/ifx_i2c/ifx_i2c_presentation_layer.o
LOAD ./lib/optiga/comms/ifx_i2c/ifx_i2c_transport_layer.o
LOAD ./lib/optiga/comms/optiga_comms_ifx_i2c.o
LOAD ./lib/optiga/common/optiga_lib_common.o
LOAD ./lib/optiga/common/optiga_lib_logger.o
LOAD ./lib/optiga/cmd/optiga_cmd.o
LOAD ./lib/externals/mbedtls/aes.o
LOAD ./lib/externals/mbedtls/ccm.o
LOAD ./lib/externals/mbedtls/cipher.o
LOAD ./lib/externals/mbedtls/cipher_wrap.o
LOAD ./lib/externals/mbedtls/md.o
LOAD ./lib/externals/mbedtls/md_wrap.o
LOAD ./lib/externals/mbedtls/platform_util.o
LOAD ./lib/externals/mbedtls/sha256.o
LOAD ./lib/externals/mbedtls/ssl_ciphersuites.o
LOAD ./examples/example_optiga_crypt_ecc_generate_keypair.o
LOAD ./examples/example_optiga_crypt_ecdh.o
LOAD ./examples/example_optiga_crypt_ecdsa_sign.o
LOAD ./examples/example_optiga_crypt_ecdsa_verify.o
LOAD ./examples/example_optiga_crypt_hash.o
LOAD ./examples/example_optiga_crypt_random.o
LOAD ./examples/example_optiga_crypt_rsa_decrypt.o
LOAD ./examples/example_optiga_crypt_rsa_encrypt_message.o
LOAD ./examples/example_optiga_crypt_rsa_encrypt_session.o
LOAD ./examples/example_optiga_crypt_rsa_generate_keypair.o
LOAD ./examples/example_optiga_crypt_rsa_sign.o
LOAD ./examples/example_optiga_crypt_rsa_verify.o
LOAD ./examples/example_optiga_crypt_tls_prf_sha256.o
LOAD ./examples/example_optiga_hibernate_restore.o
LOAD ./examples/example_optiga_util_protected_update.o
LOAD ./examples/example_optiga_util_read_data.o
LOAD ./examples/example_optiga_util_update_count.o
LOAD ./examples/example_optiga_util_write_data.o
LOAD ./examples/example_pair_host_and_optiga_using_pre_shared_secret.o
LOAD ./main_xmc4800_example.o
LOAD ./optiga_shell.o
LOAD c:/users/yushev/downloads/dave_4-4-2_64bit_2018-02-23/dave-ide-4.4.2-64bit/eclipse/arm-gcc-49/bin/../lib/gcc/arm-none-eabi/4.9.3/../../../../arm-none-eabi/lib/armv7e-m/softfp\libm.a
START GROUP
LOAD c:/users/yushev/downloads/dave_4-4-2_64bit_2018-02-23/dave-ide-4.4.2-64bit/eclipse/arm-gcc-49/bin/../lib/gcc/arm-none-eabi/4.9.3/armv7e-m/softfp\libgcc.a
LOAD c:/users/yushev/downloads/dave_4-4-2_64bit_2018-02-23/dave-ide-4.4.2-64bit/eclipse/arm-gcc-49/bin/../lib/gcc/arm-none-eabi/4.9.3/../../../../arm-none-eabi/lib/armv7e-m/softfp\libg_nano.a
LOAD c:/users/yushev/downloads/dave_4-4-2_64bit_2018-02-23/dave-ide-4.4.2-64bit/eclipse/arm-gcc-49/bin/../lib/gcc/arm-none-eabi/4.9.3/../../../../arm-none-eabi/lib/armv7e-m/softfp\libc_nano.a
END GROUP
START GROUP
LOAD c:/users/yushev/downloads/dave_4-4-2_64bit_2018-02-23/dave-ide-4.4.2-64bit/eclipse/arm-gcc-49/bin/../lib/gcc/arm-none-eabi/4.9.3/armv7e-m/softfp\libgcc.a
LOAD c:/users/yushev/downloads/dave_4-4-2_64bit_2018-02-23/dave-ide-4.4.2-64bit/eclipse/arm-gcc-49/bin/../lib/gcc/arm-none-eabi/4.9.3/../../../../arm-none-eabi/lib/armv7e-m/softfp\libc_nano.a
LOAD c:/users/yushev/downloads/dave_4-4-2_64bit_2018-02-23/dave-ide-4.4.2-64bit/eclipse/arm-gcc-49/bin/../lib/gcc/arm-none-eabi/4.9.3/../../../../arm-none-eabi/lib/armv7e-m/softfp\libnosys.a
END GROUP
START GROUP
LOAD c:/users/yushev/downloads/dave_4-4-2_64bit_2018-02-23/dave-ide-4.4.2-64bit/eclipse/arm-gcc-49/bin/../lib/gcc/arm-none-eabi/4.9.3/armv7e-m/softfp\libgcc.a
LOAD c:/users/yushev/downloads/dave_4-4-2_64bit_2018-02-23/dave-ide-4.4.2-64bit/eclipse/arm-gcc-49/bin/../lib/gcc/arm-none-eabi/4.9.3/../../../../arm-none-eabi/lib/armv7e-m/softfp\libc_nano.a
LOAD c:/users/yushev/downloads/dave_4-4-2_64bit_2018-02-23/dave-ide-4.4.2-64bit/eclipse/arm-gcc-49/bin/../lib/gcc/arm-none-eabi/4.9.3/../../../../arm-none-eabi/lib/armv7e-m/softfp\libnosys.a
END GROUP
                0x00005000                stack_size = DEFINED (stack_size)?stack_size:0x5000
                0x00000040                no_init_size = 0x40

.text           0x08000000     0xac30 load address 0x0c000000
                0x08000000                sText = .
 *(.reset)
 .reset         0x08000000      0x29c ./lib/xmc/Startup/startup_XMC4800.o
                0x08000000                __Vectors
                0x08000200                Reset_Handler
                0x08000298                DSD0_7_IRQHandler
                0x08000298                DebugMon_Handler
                0x08000298                VADC0_C0_0_IRQHandler
                0x08000298                CAN0_4_IRQHandler
                0x08000298                VADC0_G2_0_IRQHandler
                0x08000298                POSIF0_0_IRQHandler
                0x08000298                POSIF1_0_IRQHandler
                0x08000298                HardFault_Handler
                0x08000298                VADC0_G1_1_IRQHandler
                0x08000298                SysTick_Handler
                0x08000298                PendSV_Handler
                0x08000298                NMI_Handler
                0x08000298                USIC1_3_IRQHandler
                0x08000298                CCU40_2_IRQHandler
                0x08000298                SCU_0_IRQHandler
                0x08000298                ERU0_0_IRQHandler
                0x08000298                CCU41_0_IRQHandler
                0x08000298                USIC1_5_IRQHandler
                0x08000298                DSD0_4_IRQHandler
                0x08000298                CCU80_1_IRQHandler
                0x08000298                CCU81_0_IRQHandler
                0x08000298                UsageFault_Handler
                0x08000298                USIC0_0_IRQHandler
                0x08000298                POSIF1_1_IRQHandler
                0x08000298                ERU0_2_IRQHandler
                0x08000298                CCU81_1_IRQHandler
                0x08000298                ERU1_1_IRQHandler
                0x08000298                VADC0_G2_3_IRQHandler
                0x08000298                VADC0_G2_2_IRQHandler
                0x08000298                CCU42_3_IRQHandler
                0x08000298                ERU0_3_IRQHandler
                0x08000298                DSD0_5_IRQHandler
                0x08000298                VADC0_C0_3_IRQHandler
                0x08000298                CAN0_6_IRQHandler
                0x08000298                CCU43_0_IRQHandler
                0x08000298                VADC0_G0_1_IRQHandler
                0x08000298                CCU81_2_IRQHandler
                0x08000298                USIC2_4_IRQHandler
                0x08000298                CCU81_3_IRQHandler
                0x08000298                CCU42_1_IRQHandler
                0x08000298                USIC1_1_IRQHandler
                0x08000298                USIC2_5_IRQHandler
                0x08000298                CCU40_0_IRQHandler
                0x08000298                CAN0_0_IRQHandler
                0x08000298                ERU1_0_IRQHandler
                0x08000298                CCU42_2_IRQHandler
                0x08000298                Default_Handler
                0x08000298                USIC1_4_IRQHandler
                0x08000298                ERU1_3_IRQHandler
                0x08000298                USIC1_0_IRQHandler
                0x08000298                POSIF0_1_IRQHandler
                0x08000298                VADC0_G0_0_IRQHandler
                0x08000298                DSD0_2_IRQHandler
                0x08000298                CCU80_3_IRQHandler
                0x08000298                CCU41_3_IRQHandler
                0x08000298                CCU80_2_IRQHandler
                0x08000298                VADC0_G1_3_IRQHandler
                0x08000298                VADC0_G0_3_IRQHandler
                0x08000298                GPDMA0_0_IRQHandler
                0x08000298                PMU0_0_IRQHandler
                0x08000298                CAN0_7_IRQHandler
                0x08000298                DSD0_1_IRQHandler
                0x08000298                CCU41_2_IRQHandler
                0x08000298                VADC0_C0_1_IRQHandler
                0x08000298                CCU43_2_IRQHandler
                0x08000298                USIC2_2_IRQHandler
                0x08000298                MemManage_Handler
                0x08000298                VADC0_G3_1_IRQHandler
                0x08000298                DAC0_0_IRQHandler
                0x08000298                SVC_Handler
                0x08000298                VADC0_G3_3_IRQHandler
                0x08000298                ERU1_2_IRQHandler
                0x08000298                DSD0_6_IRQHandler
                0x08000298                VADC0_G1_2_IRQHandler
                0x08000298                USIC2_3_IRQHandler
                0x08000298                CAN0_2_IRQHandler
                0x08000298                USIC2_0_IRQHandler
                0x08000298                VADC0_G0_2_IRQHandler
                0x08000298                ECAT0_0_IRQHandler
                0x08000298                VADC0_G2_1_IRQHandler
                0x08000298                CAN0_3_IRQHandler
                0x08000298                ETH0_0_IRQHandler
                0x08000298                DSD0_0_IRQHandler
                0x08000298                VADC0_C0_2_IRQHandler
                0x08000298                CCU42_0_IRQHandler
                0x08000298                FCE0_0_IRQHandler
                0x08000298                VADC0_G1_0_IRQHandler
                0x08000298                CAN0_5_IRQHandler
                0x08000298                CCU80_0_IRQHandler
                0x08000298                CCU40_1_IRQHandler
                0x08000298                USIC2_1_IRQHandler
                0x08000298                VADC0_G3_2_IRQHandler
                0x08000298                CCU40_3_IRQHandler
                0x08000298                BusFault_Handler
                0x08000298                LEDTS0_0_IRQHandler
                0x08000298                CCU43_3_IRQHandler
                0x08000298                ERU0_1_IRQHandler
                0x08000298                VADC0_G3_0_IRQHandler
                0x08000298                USIC1_2_IRQHandler
                0x08000298                DSD0_3_IRQHandler
                0x08000298                SDMMC0_0_IRQHandler
                0x08000298                CAN0_1_IRQHandler
                0x08000298                USIC0_2_IRQHandler
                0x08000298                DAC0_1_IRQHandler
                0x08000298                GPDMA1_0_IRQHandler
 *(.text .text.* .gnu.linkonce.t.*)
 .text.XMC_GPIO_Init
                0x0800029c       0x88 ./lib/xmc/XMCLib/src/xmc4_gpio.o
                0x0800029c                XMC_GPIO_Init
 .text.XMC_SCU_lDelay
                0x08000324       0x2c ./lib/xmc/XMCLib/src/xmc4_scu.o
 .text.XMC_SCU_RESET_AssertPeripheralReset
                0x08000350       0x14 ./lib/xmc/XMCLib/src/xmc4_scu.o
                0x08000350                XMC_SCU_RESET_AssertPeripheralReset
 .text.XMC_SCU_RESET_DeassertPeripheralReset
                0x08000364       0x14 ./lib/xmc/XMCLib/src/xmc4_scu.o
                0x08000364                XMC_SCU_RESET_DeassertPeripheralReset
 .text.XMC_SCU_CLOCK_GetPeripheralClockFrequency
                0x08000378       0x18 ./lib/xmc/XMCLib/src/xmc4_scu.o
                0x08000378                XMC_SCU_CLOCK_GetPeripheralClockFrequency
 .text.XMC_SCU_CLOCK_SetSystemClockSource
                0x08000390       0x14 ./lib/xmc/XMCLib/src/xmc4_scu.o
                0x08000390                XMC_SCU_CLOCK_SetSystemClockSource
 .text.XMC_SCU_CLOCK_SetUsbClockSource
                0x080003a4       0x14 ./lib/xmc/XMCLib/src/xmc4_scu.o
                0x080003a4                XMC_SCU_CLOCK_SetUsbClockSource
 .text.XMC_SCU_CLOCK_SetWdtClockSource
                0x080003b8       0x14 ./lib/xmc/XMCLib/src/xmc4_scu.o
                0x080003b8                XMC_SCU_CLOCK_SetWdtClockSource
 .text.XMC_SCU_CLOCK_SetSystemPllClockSource
                0x080003cc       0x20 ./lib/xmc/XMCLib/src/xmc4_scu.o
                0x080003cc                XMC_SCU_CLOCK_SetSystemPllClockSource
 .text.XMC_SCU_HIB_SetRtcClockSource
                0x080003ec       0x20 ./lib/xmc/XMCLib/src/xmc4_scu.o
                0x080003ec                XMC_SCU_HIB_SetRtcClockSource
 .text.XMC_SCU_HIB_SetStandbyClockSource
                0x0800040c       0x20 ./lib/xmc/XMCLib/src/xmc4_scu.o
                0x0800040c                XMC_SCU_HIB_SetStandbyClockSource
 .text.XMC_SCU_CLOCK_SetSystemClockDivider
                0x0800042c       0x14 ./lib/xmc/XMCLib/src/xmc4_scu.o
                0x0800042c                XMC_SCU_CLOCK_SetSystemClockDivider
 .text.XMC_SCU_CLOCK_SetCcuClockDivider
                0x08000440       0x14 ./lib/xmc/XMCLib/src/xmc4_scu.o
                0x08000440                XMC_SCU_CLOCK_SetCcuClockDivider
 .text.XMC_SCU_CLOCK_SetCpuClockDivider
                0x08000454       0x14 ./lib/xmc/XMCLib/src/xmc4_scu.o
                0x08000454                XMC_SCU_CLOCK_SetCpuClockDivider
 .text.XMC_SCU_CLOCK_SetPeripheralClockDivider
                0x08000468       0x14 ./lib/xmc/XMCLib/src/xmc4_scu.o
                0x08000468                XMC_SCU_CLOCK_SetPeripheralClockDivider
 .text.XMC_SCU_CLOCK_SetUsbClockDivider
                0x0800047c       0x14 ./lib/xmc/XMCLib/src/xmc4_scu.o
                0x0800047c                XMC_SCU_CLOCK_SetUsbClockDivider
 .text.XMC_SCU_CLOCK_SetEbuClockDivider
                0x08000490       0x14 ./lib/xmc/XMCLib/src/xmc4_scu.o
                0x08000490                XMC_SCU_CLOCK_SetEbuClockDivider
 .text.XMC_SCU_CLOCK_SetWdtClockDivider
                0x080004a4       0x14 ./lib/xmc/XMCLib/src/xmc4_scu.o
                0x080004a4                XMC_SCU_CLOCK_SetWdtClockDivider
 .text.XMC_SCU_CLOCK_SetECATClockDivider
                0x080004b8       0x14 ./lib/xmc/XMCLib/src/xmc4_scu.o
                0x080004b8                XMC_SCU_CLOCK_SetECATClockDivider
 .text.XMC_SCU_CLOCK_EnableClock
                0x080004cc        0xc ./lib/xmc/XMCLib/src/xmc4_scu.o
                0x080004cc                XMC_SCU_CLOCK_EnableClock
 .text.XMC_SCU_CLOCK_GatePeripheralClock
                0x080004d8       0x14 ./lib/xmc/XMCLib/src/xmc4_scu.o
                0x080004d8                XMC_SCU_CLOCK_GatePeripheralClock
 .text.XMC_SCU_CLOCK_UngatePeripheralClock
                0x080004ec       0x14 ./lib/xmc/XMCLib/src/xmc4_scu.o
                0x080004ec                XMC_SCU_CLOCK_UngatePeripheralClock
 .text.XMC_SCU_CLOCK_StartUsbPll
                0x08000500       0x44 ./lib/xmc/XMCLib/src/xmc4_scu.o
                0x08000500                XMC_SCU_CLOCK_StartUsbPll
 .text.XMC_SCU_CLOCK_SetBackupClockCalibrationMode
                0x08000544       0x34 ./lib/xmc/XMCLib/src/xmc4_scu.o
                0x08000544                XMC_SCU_CLOCK_SetBackupClockCalibrationMode
 .text.XMC_SCU_POWER_EnableUsb
                0x08000578       0x10 ./lib/xmc/XMCLib/src/xmc4_scu.o
                0x08000578                XMC_SCU_POWER_EnableUsb
 .text.XMC_SCU_POWER_DisableUsb
                0x08000588       0x10 ./lib/xmc/XMCLib/src/xmc4_scu.o
                0x08000588                XMC_SCU_POWER_DisableUsb
 .text.XMC_SCU_HIB_EnableHibernateDomain
                0x08000598       0x34 ./lib/xmc/XMCLib/src/xmc4_scu.o
                0x08000598                XMC_SCU_HIB_EnableHibernateDomain
 .text.XMC_SCU_CLOCK_IsLowPowerOscillatorStable
                0x080005cc       0x14 ./lib/xmc/XMCLib/src/xmc4_scu.o
                0x080005cc                XMC_SCU_CLOCK_IsLowPowerOscillatorStable
 .text.XMC_SCU_CLOCK_EnableLowPowerOscillator
                0x080005e0       0x4c ./lib/xmc/XMCLib/src/xmc4_scu.o
                0x080005e0                XMC_SCU_CLOCK_EnableLowPowerOscillator
 .text.XMC_SCU_CLOCK_EnableHighPerformanceOscillator
                0x0800062c       0x40 ./lib/xmc/XMCLib/src/xmc4_scu.o
                0x0800062c                XMC_SCU_CLOCK_EnableHighPerformanceOscillator
 .text.XMC_SCU_CLOCK_IsHighPerformanceOscillatorStable
                0x0800066c       0x18 ./lib/xmc/XMCLib/src/xmc4_scu.o
                0x0800066c                XMC_SCU_CLOCK_IsHighPerformanceOscillatorStable
 .text.XMC_SCU_CLOCK_EnableSystemPll
                0x08000684       0x14 ./lib/xmc/XMCLib/src/xmc4_scu.o
                0x08000684                XMC_SCU_CLOCK_EnableSystemPll
 .text.XMC_SCU_CLOCK_DisableSystemPll
                0x08000698       0x14 ./lib/xmc/XMCLib/src/xmc4_scu.o
                0x08000698                XMC_SCU_CLOCK_DisableSystemPll
 .text.XMC_SCU_CLOCK_StepSystemPllFrequency
                0x080006ac       0x1c ./lib/xmc/XMCLib/src/xmc4_scu.o
                0x080006ac                XMC_SCU_CLOCK_StepSystemPllFrequency
 .text.XMC_SCU_CLOCK_StartSystemPll
                0x080006c8       0xe8 ./lib/xmc/XMCLib/src/xmc4_scu.o
                0x080006c8                XMC_SCU_CLOCK_StartSystemPll
 .text.XMC_SCU_CLOCK_Init
                0x080007b0       0x9c ./lib/xmc/XMCLib/src/xmc4_scu.o
                0x080007b0                XMC_SCU_CLOCK_Init
 .text.XMC_CCU4_EnableModule
                0x0800084c       0x68 ./lib/xmc/XMCLib/src/xmc_ccu4.o
                0x0800084c                XMC_CCU4_EnableModule
 .text.XMC_CCU4_Init
                0x080008b4       0x20 ./lib/xmc/XMCLib/src/xmc_ccu4.o
                0x080008b4                XMC_CCU4_Init
 .text.XMC_CCU4_SLICE_CompareInit
                0x080008d4       0x2e ./lib/xmc/XMCLib/src/xmc_ccu4.o
                0x080008d4                XMC_CCU4_SLICE_CompareInit
 .text.XMC_CCU4_SLICE_SetPrescaler
                0x08000902       0x10 ./lib/xmc/XMCLib/src/xmc_ccu4.o
                0x08000902                XMC_CCU4_SLICE_SetPrescaler
 *fill*         0x08000912        0x2 
 .text.XMC_CCU4_SLICE_SetInterruptNode
                0x08000914       0x34 ./lib/xmc/XMCLib/src/xmc_ccu4.o
                0x08000914                XMC_CCU4_SLICE_SetInterruptNode
 .text.XMC_GPIO_SetMode
                0x08000948       0x24 ./lib/xmc/XMCLib/src/xmc_gpio.o
                0x08000948                XMC_GPIO_SetMode
 .text.XMC_GPIO_SetHardwareControl
                0x0800096c       0x1a ./lib/xmc/XMCLib/src/xmc_gpio.o
                0x0800096c                XMC_GPIO_SetHardwareControl
 .text.XMC_I2C_CH_SetSlaveAddress
                0x08000986       0x1c ./lib/xmc/XMCLib/src/xmc_i2c.o
                0x08000986                XMC_I2C_CH_SetSlaveAddress
 *fill*         0x080009a2        0x2 
 .text.XMC_I2C_CH_SetBaudrate
                0x080009a4       0x3c ./lib/xmc/XMCLib/src/xmc_i2c.o
                0x080009a4                XMC_I2C_CH_SetBaudrate
 .text.XMC_I2C_CH_Init
                0x080009e0       0x34 ./lib/xmc/XMCLib/src/xmc_i2c.o
                0x080009e0                XMC_I2C_CH_Init
 .text.XMC_I2C_CH_MasterStart
                0x08000a14       0x30 ./lib/xmc/XMCLib/src/xmc_i2c.o
                0x08000a14                XMC_I2C_CH_MasterStart
 .text.XMC_I2C_CH_MasterRepeatedStart
                0x08000a44       0x30 ./lib/xmc/XMCLib/src/xmc_i2c.o
                0x08000a44                XMC_I2C_CH_MasterRepeatedStart
 .text.XMC_I2C_CH_MasterStop
                0x08000a74       0x2c ./lib/xmc/XMCLib/src/xmc_i2c.o
                0x08000a74                XMC_I2C_CH_MasterStop
 .text.XMC_I2C_CH_MasterTransmit
                0x08000aa0       0x24 ./lib/xmc/XMCLib/src/xmc_i2c.o
                0x08000aa0                XMC_I2C_CH_MasterTransmit
 .text.XMC_I2C_CH_MasterReceiveAck
                0x08000ac4       0x2c ./lib/xmc/XMCLib/src/xmc_i2c.o
                0x08000ac4                XMC_I2C_CH_MasterReceiveAck
 .text.XMC_I2C_CH_MasterReceiveNack
                0x08000af0       0x2c ./lib/xmc/XMCLib/src/xmc_i2c.o
                0x08000af0                XMC_I2C_CH_MasterReceiveNack
 .text.XMC_I2C_CH_GetReceivedData
                0x08000b1c       0x14 ./lib/xmc/XMCLib/src/xmc_i2c.o
                0x08000b1c                XMC_I2C_CH_GetReceivedData
 .text.XMC_I2C_CH_EnableEvent
                0x08000b30       0x1c ./lib/xmc/XMCLib/src/xmc_i2c.o
                0x08000b30                XMC_I2C_CH_EnableEvent
 .text.XMC_I2C_CH_DisableEvent
                0x08000b4c       0x20 ./lib/xmc/XMCLib/src/xmc_i2c.o
                0x08000b4c                XMC_I2C_CH_DisableEvent
 .text.XMC_UART_CH_Init
                0x08000b6c       0x62 ./lib/xmc/XMCLib/src/xmc_uart.o
                0x08000b6c                XMC_UART_CH_Init
 .text.XMC_UART_CH_Transmit
                0x08000bce       0x22 ./lib/xmc/XMCLib/src/xmc_uart.o
                0x08000bce                XMC_UART_CH_Transmit
 .text.XMC_UART_CH_GetReceivedData
                0x08000bf0       0x14 ./lib/xmc/XMCLib/src/xmc_uart.o
                0x08000bf0                XMC_UART_CH_GetReceivedData
 .text.XMC_USBD_lReadFifo
                0x08000c04       0x84 ./lib/xmc/XMCLib/src/xmc_usbd.o
 .text.XMC_USBD_lFlushTXFifo
                0x08000c88       0x3c ./lib/xmc/XMCLib/src/xmc_usbd.o
 .text.XMC_USBD_lFlushRXFifo
                0x08000cc4       0x2c ./lib/xmc/XMCLib/src/xmc_usbd.o
 .text.XMC_USBD_lStartReadXfer
                0x08000cf0       0x98 ./lib/xmc/XMCLib/src/xmc_usbd.o
 .text.XMC_USBD_lStartWriteXfer
                0x08000d88       0xc0 ./lib/xmc/XMCLib/src/xmc_usbd.o
 .text.XMC_USBD_GetCapabilities
                0x08000e48       0x1c ./lib/xmc/XMCLib/src/xmc_usbd.o
                0x08000e48                XMC_USBD_GetCapabilities
 .text.XMC_USBD_DeviceConnect
                0x08000e64       0x18 ./lib/xmc/XMCLib/src/xmc_usbd.o
                0x08000e64                XMC_USBD_DeviceConnect
 .text.XMC_USBD_DeviceDisconnect
                0x08000e7c       0x18 ./lib/xmc/XMCLib/src/xmc_usbd.o
                0x08000e7c                XMC_USBD_DeviceDisconnect
 .text.XMC_USBD_EndpointReadStart
                0x08000e94       0x40 ./lib/xmc/XMCLib/src/xmc_usbd.o
                0x08000e94                XMC_USBD_EndpointReadStart
 .text.XMC_USBD_DeviceSetAddress
                0x08000ed4       0x18 ./lib/xmc/XMCLib/src/xmc_usbd.o
                0x08000ed4                XMC_USBD_DeviceSetAddress
 .text.XMC_USBD_EndpointStall
                0x08000eec       0x7c ./lib/xmc/XMCLib/src/xmc_usbd.o
                0x08000eec                XMC_USBD_EndpointStall
 .text.XMC_USBD_EndpointAbort
                0x08000f68       0x50 ./lib/xmc/XMCLib/src/xmc_usbd.o
                0x08000f68                XMC_USBD_EndpointAbort
 .text.XMC_USBD_EndpointUnconfigure
                0x08000fb8       0xf0 ./lib/xmc/XMCLib/src/xmc_usbd.o
                0x08000fb8                XMC_USBD_EndpointUnconfigure
 .text.XMC_USBD_GetFrameNumber
                0x080010a8       0x14 ./lib/xmc/XMCLib/src/xmc_usbd.o
                0x080010a8                XMC_USBD_GetFrameNumber
 .text.XMC_USBD_IsEnumDone
                0x080010bc       0x18 ./lib/xmc/XMCLib/src/xmc_usbd.o
                0x080010bc                XMC_USBD_IsEnumDone
 .text.XMC_USBD_Uninitialize
                0x080010d4       0x24 ./lib/xmc/XMCLib/src/xmc_usbd.o
                0x080010d4                XMC_USBD_Uninitialize
 .text.XMC_USBD_EndpointConfigure
                0x080010f8      0x1c4 ./lib/xmc/XMCLib/src/xmc_usbd.o
                0x080010f8                XMC_USBD_EndpointConfigure
 .text.XMC_USBD_EndpointRead
                0x080012bc       0x38 ./lib/xmc/XMCLib/src/xmc_usbd.o
                0x080012bc                XMC_USBD_EndpointRead
 .text.XMC_USBD_EndpointWrite
                0x080012f4       0x54 ./lib/xmc/XMCLib/src/xmc_usbd.o
                0x080012f4                XMC_USBD_EndpointWrite
 .text.XMC_USBD_lDeviceActive
                0x08001348       0x34 ./lib/xmc/XMCLib/src/xmc_usbd.o
                0x08001348                XMC_USBD_lDeviceActive
 .text.XMC_USBD_DeviceGetState
                0x0800137c       0x34 ./lib/xmc/XMCLib/src/xmc_usbd.o
                0x0800137c                XMC_USBD_DeviceGetState
 .text.XMC_USBD_Enable
                0x080013b0       0x1c ./lib/xmc/XMCLib/src/xmc_usbd.o
                0x080013b0                XMC_USBD_Enable
 .text.XMC_USBD_Init
                0x080013cc      0x110 ./lib/xmc/XMCLib/src/xmc_usbd.o
                0x080013cc                XMC_USBD_Init
 .text.XMC_USBD_Disable
                0x080014dc       0x1c ./lib/xmc/XMCLib/src/xmc_usbd.o
                0x080014dc                XMC_USBD_Disable
 .text.XMC_USBD_ClearEvent
                0x080014f8       0x54 ./lib/xmc/XMCLib/src/xmc_usbd.o
                0x080014f8                XMC_USBD_ClearEvent
 .text.XMC_USBD_EnableEventOUTEP
                0x0800154c       0x14 ./lib/xmc/XMCLib/src/xmc_usbd.o
                0x0800154c                XMC_USBD_EnableEventOUTEP
 .text.XMC_USBD_EnableEventINEP
                0x08001560       0x14 ./lib/xmc/XMCLib/src/xmc_usbd.o
                0x08001560                XMC_USBD_EnableEventINEP
 .text.XMC_USBD_IRQHandler
                0x08001574      0x47c ./lib/xmc/XMCLib/src/xmc_usbd.o
                0x08001574                XMC_USBD_IRQHandler
 .text.XMC_USIC_CH_SetBaudrate
                0x080019f0       0x7c ./lib/xmc/XMCLib/src/xmc_usic.o
                0x080019f0                XMC_USIC_CH_SetBaudrate
 .text.XMC_USIC_CH_TXFIFO_Configure
                0x08001a6c       0x2c ./lib/xmc/XMCLib/src/xmc_usic.o
                0x08001a6c                XMC_USIC_CH_TXFIFO_Configure
 .text.XMC_USIC_CH_RXFIFO_Configure
                0x08001a98       0x30 ./lib/xmc/XMCLib/src/xmc_usic.o
                0x08001a98                XMC_USIC_CH_RXFIFO_Configure
 .text.XMC_USIC_CH_RXFIFO_SetSizeTriggerLimit
                0x08001ac8       0x22 ./lib/xmc/XMCLib/src/xmc_usic.o
                0x08001ac8                XMC_USIC_CH_RXFIFO_SetSizeTriggerLimit
 .text.XMC_USIC_CH_SetInterruptNodePointer
                0x08001aea       0x14 ./lib/xmc/XMCLib/src/xmc_usic.o
                0x08001aea                XMC_USIC_CH_SetInterruptNodePointer
 .text.XMC_USIC_CH_TXFIFO_SetInterruptNodePointer
                0x08001afe       0x18 ./lib/xmc/XMCLib/src/xmc_usic.o
                0x08001afe                XMC_USIC_CH_TXFIFO_SetInterruptNodePointer
 .text.XMC_USIC_CH_RXFIFO_SetInterruptNodePointer
                0x08001b16       0x18 ./lib/xmc/XMCLib/src/xmc_usic.o
                0x08001b16                XMC_USIC_CH_RXFIFO_SetInterruptNodePointer
 *fill*         0x08001b2e        0x2 
 .text.XMC_USIC_Enable
                0x08001b30       0x54 ./lib/xmc/XMCLib/src/xmc_usic.o
                0x08001b30                XMC_USIC_Enable
 .text.XMC_USIC_CH_Enable
                0x08001b84       0x74 ./lib/xmc/XMCLib/src/xmc_usic.o
                0x08001b84                XMC_USIC_CH_Enable
 .text.SystemCoreClockUpdate
                0x08001bf8       0x88 ./lib/xmc/Startup/system_XMC4800.o
                0x08001bf8                SystemCoreClockUpdate
 .text.SystemInit
                0x08001c80       0x30 ./lib/xmc/Startup/system_XMC4800.o
                0x08001c80                SystemInit
 .text._sbrk    0x08001cb0       0x40 ./lib/xmc/Newlib/syscalls.o
                0x08001cb0                _sbrk
 .text._init    0x08001cf0        0x2 ./lib/xmc/Newlib/syscalls.o
                0x08001cf0                _init
 *fill*         0x08001cf2        0x2 
 .text.USBD_VCOM_Event_GetDescriptor
                0x08001cf4       0x44 ./lib/xmc/Dave/Generated/USBD_VCOM/virtual_com/descriptors.o
                0x08001cf4                USBD_VCOM_Event_GetDescriptor
 .text.Endpoint_SelectEndpoint
                0x08001d38       0x18 ./lib/xmc/Dave/Generated/USBD_VCOM/class_driver/device/cdc_class_device.o
 .text.Endpoint_BytesInEndpoint
                0x08001d50       0x1c ./lib/xmc/Dave/Generated/USBD_VCOM/class_driver/device/cdc_class_device.o
 .text.CDC_Device_ProcessControlRequest
                0x08001d6c      0x11c ./lib/xmc/Dave/Generated/USBD_VCOM/class_driver/device/cdc_class_device.o
                0x08001d6c                CDC_Device_ProcessControlRequest
 .text.CDC_Device_ConfigureEndpoints
                0x08001e88       0x44 ./lib/xmc/Dave/Generated/USBD_VCOM/class_driver/device/cdc_class_device.o
                0x08001e88                CDC_Device_ConfigureEndpoints
 .text.CDC_Device_SendData
                0x08001ecc       0x30 ./lib/xmc/Dave/Generated/USBD_VCOM/class_driver/device/cdc_class_device.o
                0x08001ecc                CDC_Device_SendData
 .text.CDC_Device_Flush
                0x08001efc       0x2c ./lib/xmc/Dave/Generated/USBD_VCOM/class_driver/device/cdc_class_device.o
                0x08001efc                CDC_Device_Flush
 .text.CDC_Device_USBTask
                0x08001f28       0x44 ./lib/xmc/Dave/Generated/USBD_VCOM/class_driver/device/cdc_class_device.o
                0x08001f28                CDC_Device_USBTask
 .text.CDC_Device_BytesReceived
                0x08001f6c       0x44 ./lib/xmc/Dave/Generated/USBD_VCOM/class_driver/device/cdc_class_device.o
                0x08001f6c                CDC_Device_BytesReceived
 .text.USBD_VCOM_CDCClass_Event_LineEncodingChanged
                0x08001fb0        0xc ./lib/xmc/Dave/Generated/USBD_VCOM/usbd_vcom.o
                0x08001fb0                USBD_VCOM_CDCClass_Event_LineEncodingChanged
 .text.USBD_VCOM_CDCClass_Event_ControlLineStateChanged
                0x08001fbc        0xc ./lib/xmc/Dave/Generated/USBD_VCOM/usbd_vcom.o
                0x08001fbc                USBD_VCOM_CDCClass_Event_ControlLineStateChanged
 .text.USBD_VCOM_CDCClass_Event_BreakSent
                0x08001fc8        0xc ./lib/xmc/Dave/Generated/USBD_VCOM/usbd_vcom.o
                0x08001fc8                USBD_VCOM_CDCClass_Event_BreakSent
 .text.USBD_VCOM_Event_ConfigurationChanged
                0x08001fd4       0x58 ./lib/xmc/Dave/Generated/USBD_VCOM/usbd_vcom.o
                0x08001fd4                USBD_VCOM_Event_ConfigurationChanged
 .text.USBD_VCOM_Event_ControlRequest
                0x0800202c        0xc ./lib/xmc/Dave/Generated/USBD_VCOM/usbd_vcom.o
                0x0800202c                USBD_VCOM_Event_ControlRequest
 .text.USBD_VCOM_IsEnumDone
                0x08002038       0x18 ./lib/xmc/Dave/Generated/USBD_VCOM/usbd_vcom.o
                0x08002038                USBD_VCOM_IsEnumDone
 .text.USBD_VCOM_SendData
                0x08002050       0x34 ./lib/xmc/Dave/Generated/USBD_VCOM/usbd_vcom.o
                0x08002050                USBD_VCOM_SendData
 .text.USBD_VCOM_ReceiveData
                0x08002084       0x40 ./lib/xmc/Dave/Generated/USBD_VCOM/usbd_vcom.o
                0x08002084                USBD_VCOM_ReceiveData
 .text.USBD_VCOM_BytesReceived
                0x080020c4       0x28 ./lib/xmc/Dave/Generated/USBD_VCOM/usbd_vcom.o
                0x080020c4                USBD_VCOM_BytesReceived
 .text.USBD_VCOM_Register_USBEvent_CB
                0x080020ec       0x3c ./lib/xmc/Dave/Generated/USBD_VCOM/usbd_vcom.o
                0x080020ec                USBD_VCOM_Register_USBEvent_CB
 .text.USBD_VCOM_Init
                0x08002128       0x54 ./lib/xmc/Dave/Generated/USBD_VCOM/usbd_vcom.o
                0x08002128                USBD_VCOM_Init
 .text.USBD_VCOM_Event_Reset
                0x0800217c       0x30 ./lib/xmc/Dave/Generated/USBD_VCOM/usbd_vcom.o
                0x0800217c                USBD_VCOM_Event_Reset
 .text.USBD_VCOM_Connect
                0x080021ac        0x4 ./lib/xmc/Dave/Generated/USBD_VCOM/usbd_vcom.o
                0x080021ac                USBD_VCOM_Connect
 .text.Endpoint_Write_Stream_LE
                0x080021b0       0xa4 ./lib/xmc/Dave/Generated/USBD/usb/core/xmc4000/usbd_endpoint_stream_xmc4000.o
                0x080021b0                Endpoint_Write_Stream_LE
 .text.Endpoint_Read_Stream_LE
                0x08002254       0x94 ./lib/xmc/Dave/Generated/USBD/usb/core/xmc4000/usbd_endpoint_stream_xmc4000.o
                0x08002254                Endpoint_Read_Stream_LE
 .text.Endpoint_WaitUntilReady
                0x080022e8       0x84 ./lib/xmc/Dave/Generated/USBD/usb/core/xmc4000/usbd_endpoint_xmc4000.o
                0x080022e8                Endpoint_WaitUntilReady
 .text.Endpoint_ClearOUT
                0x0800236c       0x54 ./lib/xmc/Dave/Generated/USBD/usb/core/xmc4000/usbd_endpoint_xmc4000.o
                0x0800236c                Endpoint_ClearOUT
 .text.Endpoint_ClearIN
                0x080023c0       0x70 ./lib/xmc/Dave/Generated/USBD/usb/core/xmc4000/usbd_endpoint_xmc4000.o
                0x080023c0                Endpoint_ClearIN
 .text.Endpoint_IsReadWriteAllowed
                0x08002430       0x30 ./lib/xmc/Dave/Generated/USBD/usb/core/xmc4000/usbd_endpoint_xmc4000.o
                0x08002430                Endpoint_IsReadWriteAllowed
 .text.Endpoint_Write_8
                0x08002460       0x2c ./lib/xmc/Dave/Generated/USBD/usb/core/xmc4000/usbd_endpoint_xmc4000.o
                0x08002460                Endpoint_Write_8
 .text.Endpoint_Read_8
                0x0800248c       0x2c ./lib/xmc/Dave/Generated/USBD/usb/core/xmc4000/usbd_endpoint_xmc4000.o
                0x0800248c                Endpoint_Read_8
 .text.Endpoint_Write_32_LE
                0x080024b8       0x2c ./lib/xmc/Dave/Generated/USBD/usb/core/xmc4000/usbd_endpoint_xmc4000.o
                0x080024b8                Endpoint_Write_32_LE
 .text.Endpoint_Read_32_LE
                0x080024e4       0x30 ./lib/xmc/Dave/Generated/USBD/usb/core/xmc4000/usbd_endpoint_xmc4000.o
                0x080024e4                Endpoint_Read_32_LE
 .text.Endpoint_ConfigureEndpointTable
                0x08002514       0x70 ./lib/xmc/Dave/Generated/USBD/usb/core/xmc4000/usbd_endpoint_xmc4000.o
                0x08002514                Endpoint_ConfigureEndpointTable
 .text.USBD_SignalDeviceEventHandler
                0x08002584      0x100 ./lib/xmc/Dave/Generated/USBD/usbd.o
 .text.USBD_HandleEP0_Stall
                0x08002684       0x28 ./lib/xmc/Dave/Generated/USBD/usbd.o
 .text.USBD_Handle_DeviceRequest
                0x080026ac      0x2b8 ./lib/xmc/Dave/Generated/USBD/usbd.o
 .text.USBD_SignalEndpointEvent_Handler
                0x08002964      0x1b8 ./lib/xmc/Dave/Generated/USBD/usbd.o
 .text.USBD_Init
                0x08002b1c      0x114 ./lib/xmc/Dave/Generated/USBD/usbd.o
                0x08002b1c                USBD_Init
 .text.USBD_Connect
                0x08002c30        0xc ./lib/xmc/Dave/Generated/USBD/usbd.o
                0x08002c30                USBD_Connect
 .text.USBD_IsEnumDone
                0x08002c3c        0xc ./lib/xmc/Dave/Generated/USBD/usbd.o
                0x08002c3c                USBD_IsEnumDone
 .text.USBD_SetEndpointBuffer
                0x08002c48       0x24 ./lib/xmc/Dave/Generated/USBD/usbd.o
                0x08002c48                USBD_SetEndpointBuffer
 .text.USB0_0_IRQHandler
                0x08002c6c        0xc ./lib/xmc/Dave/Generated/USBD/usbd.o
                0x08002c6c                USB0_0_IRQHandler
 .text.UART_lReconfigureRxFIFO
                0x08002c78       0x1e ./lib/xmc/Dave/Generated/UART/uart.o
 .text.UART_Init
                0x08002c96        0x6 ./lib/xmc/Dave/Generated/UART/uart.o
                0x08002c96                UART_Init
 .text.UART_StartTransmitIRQ
                0x08002c9c       0x64 ./lib/xmc/Dave/Generated/UART/uart.o
                0x08002c9c                UART_StartTransmitIRQ
 .text.UART_Transmit
                0x08002d00       0x10 ./lib/xmc/Dave/Generated/UART/uart.o
                0x08002d00                UART_Transmit
 .text.UART_StartReceiveIRQ
                0x08002d10       0x64 ./lib/xmc/Dave/Generated/UART/uart.o
                0x08002d10                UART_StartReceiveIRQ
 .text.UART_Receive
                0x08002d74       0x10 ./lib/xmc/Dave/Generated/UART/uart.o
                0x08002d74                UART_Receive
 .text.UART_lTransmitHandler
                0x08002d84       0x8c ./lib/xmc/Dave/Generated/UART/uart.o
                0x08002d84                UART_lTransmitHandler
 .text.UART_lReceiveHandler
                0x08002e10       0xa4 ./lib/xmc/Dave/Generated/UART/uart.o
                0x08002e10                UART_lReceiveHandler
 .text.NVIC_EncodePriority.constprop.1
                0x08002eb4       0x22 ./lib/xmc/Dave/Generated/UART/uart_conf.o
 *fill*         0x08002ed6        0x2 
 .text.cunit_logger_init
                0x08002ed8       0xcc ./lib/xmc/Dave/Generated/UART/uart_conf.o
                0x08002ed8                cunit_logger_init
 .text.USIC0_4_IRQHandler
                0x08002fa4        0xc ./lib/xmc/Dave/Generated/UART/uart_conf.o
                0x08002fa4                USIC0_4_IRQHandler
 .text.USIC0_5_IRQHandler
                0x08002fb0        0xc ./lib/xmc/Dave/Generated/UART/uart_conf.o
                0x08002fb0                USIC0_5_IRQHandler
 .text.TIMER_Start
                0x08002fbc       0x1c ./lib/xmc/Dave/Generated/TIMER/timer.o
                0x08002fbc                TIMER_Start
 .text.TIMER_GetTimerStatus
                0x08002fd8       0x14 ./lib/xmc/Dave/Generated/TIMER/timer.o
                0x08002fd8                TIMER_GetTimerStatus
 .text.TIMER_Stop
                0x08002fec       0x26 ./lib/xmc/Dave/Generated/TIMER/timer.o
                0x08002fec                TIMER_Stop
 .text.TIMER_ClearEvent
                0x08003012       0x16 ./lib/xmc/Dave/Generated/TIMER/timer.o
                0x08003012                TIMER_ClearEvent
 .text.TIMER_Clear
                0x08003028       0x1c ./lib/xmc/Dave/Generated/TIMER/timer.o
                0x08003028                TIMER_Clear
 .text.TIMER_CCU4_lShadowTransfer
                0x08003044       0x14 ./lib/xmc/Dave/Generated/TIMER/timer.o
                0x08003044                TIMER_CCU4_lShadowTransfer
 .text.TIMER_SetTimeInterval
                0x08003058       0x80 ./lib/xmc/Dave/Generated/TIMER/timer.o
                0x08003058                TIMER_SetTimeInterval
 .text.TIMER_CCU4_lInit
                0x080030d8       0x62 ./lib/xmc/Dave/Generated/TIMER/timer.o
                0x080030d8                TIMER_CCU4_lInit
 .text.TIMER_Init
                0x0800313a       0x14 ./lib/xmc/Dave/Generated/TIMER/timer.o
                0x0800313a                TIMER_Init
 *fill*         0x0800314e        0x2 
 .text.INTERRUPT_Init
                0x08003150       0x90 ./lib/xmc/Dave/Generated/INTERRUPT/interrupt.o
                0x08003150                INTERRUPT_Init
 .text.I2C_MASTER_lReconfigureRxFIFO
                0x080031e0       0x34 ./lib/xmc/Dave/Generated/I2C_MASTER/i2c_master.o
 .text.I2C_MASTER_lSendStop_JumpTo_TxCallback
                0x08003214       0x46 ./lib/xmc/Dave/Generated/I2C_MASTER/i2c_master.o
 .text.I2C_MASTER_lSendStart_Or_RepeatedStart
                0x0800325a       0x34 ./lib/xmc/Dave/Generated/I2C_MASTER/i2c_master.o
 .text.I2C_MASTER_lSendStop_JumpTo_RxCallback
                0x0800328e       0x46 ./lib/xmc/Dave/Generated/I2C_MASTER/i2c_master.o
 .text.I2C_MASTER_Init
                0x080032d4       0x12 ./lib/xmc/Dave/Generated/I2C_MASTER/i2c_master.o
                0x080032d4                I2C_MASTER_Init
 .text.I2C_MASTER_ClearFlag
                0x080032e6        0xa ./lib/xmc/Dave/Generated/I2C_MASTER/i2c_master.o
                0x080032e6                I2C_MASTER_ClearFlag
 .text.I2C_MASTER_StartTransmitIRQ
                0x080032f0       0x82 ./lib/xmc/Dave/Generated/I2C_MASTER/i2c_master.o
                0x080032f0                I2C_MASTER_StartTransmitIRQ
 .text.I2C_MASTER_Transmit
                0x08003372       0x1c ./lib/xmc/Dave/Generated/I2C_MASTER/i2c_master.o
                0x08003372                I2C_MASTER_Transmit
 .text.I2C_MASTER_StartReceiveIRQ
                0x0800338e      0x220 ./lib/xmc/Dave/Generated/I2C_MASTER/i2c_master.o
                0x0800338e                I2C_MASTER_StartReceiveIRQ
 .text.I2C_MASTER_Receive
                0x080035ae       0x22 ./lib/xmc/Dave/Generated/I2C_MASTER/i2c_master.o
                0x080035ae                I2C_MASTER_Receive
 .text.I2C_MASTER_ReceiveHandler
                0x080035d0      0x16c ./lib/xmc/Dave/Generated/I2C_MASTER/i2c_master.o
                0x080035d0                I2C_MASTER_ReceiveHandler
 .text.I2C_MASTER_ProtocolHandler
                0x0800373c       0x58 ./lib/xmc/Dave/Generated/I2C_MASTER/i2c_master.o
                0x0800373c                I2C_MASTER_ProtocolHandler
 .text.I2C_MASTER_TransmitHandler
                0x08003794      0x184 ./lib/xmc/Dave/Generated/I2C_MASTER/i2c_master.o
                0x08003794                I2C_MASTER_TransmitHandler
 .text.I2C_MASTER_AbortTransmit
                0x08003918       0x5a ./lib/xmc/Dave/Generated/I2C_MASTER/i2c_master.o
                0x08003918                I2C_MASTER_AbortTransmit
 .text.I2C_MASTER_AbortReceive
                0x08003972       0x50 ./lib/xmc/Dave/Generated/I2C_MASTER/i2c_master.o
                0x08003972                I2C_MASTER_AbortReceive
 *fill*         0x080039c2        0x2 
 .text.i2c_master_0_disable_io
                0x080039c4       0x24 ./lib/xmc/Dave/Generated/I2C_MASTER/i2c_master_conf.o
 .text.i2c_master_0_enable_io
                0x080039e8       0x24 ./lib/xmc/Dave/Generated/I2C_MASTER/i2c_master_conf.o
 .text.NVIC_EncodePriority.constprop.1
                0x08003a0c       0x22 ./lib/xmc/Dave/Generated/I2C_MASTER/i2c_master_conf.o
 *fill*         0x08003a2e        0x2 
 .text.i2c_master_0_init
                0x08003a30       0xe8 ./lib/xmc/Dave/Generated/I2C_MASTER/i2c_master_conf.o
                0x08003a30                i2c_master_0_init
 .text.USIC0_1_IRQHandler
                0x08003b18        0xc ./lib/xmc/Dave/Generated/I2C_MASTER/i2c_master_conf.o
                0x08003b18                USIC0_1_IRQHandler
 .text.USIC0_3_IRQHandler
                0x08003b24        0xc ./lib/xmc/Dave/Generated/I2C_MASTER/i2c_master_conf.o
                0x08003b24                USIC0_3_IRQHandler
 .text.GLOBAL_CCU4_Init
                0x08003b30       0x22 ./lib/xmc/Dave/Generated/GLOBAL_CCU4/global_ccu4.o
                0x08003b30                GLOBAL_CCU4_Init
 .text.DIGITAL_IO_Init
                0x08003b52       0x1c ./lib/xmc/Dave/Generated/DIGITAL_IO/digital_io.o
                0x08003b52                DIGITAL_IO_Init
 *fill*         0x08003b6e        0x2 
 .text.SystemCoreSetup
                0x08003b70       0x78 ./lib/xmc/Dave/Generated/CPU_CTRL_XMC4/cpu_ctrl_xmc4_conf.o
                0x08003b70                SystemCoreSetup
 .text.CLOCK_XMC4_Init
                0x08003be8        0x8 ./lib/xmc/Dave/Generated/CLOCK_XMC4/clock_xmc4.o
                0x08003be8                CLOCK_XMC4_Init
 .text.OSCHP_GetFrequency
                0x08003bf0        0x8 ./lib/xmc/Dave/Generated/CLOCK_XMC4/clock_xmc4.o
                0x08003bf0                OSCHP_GetFrequency
 .text.SystemCoreClockSetup
                0x08003bf8       0x60 ./lib/xmc/Dave/Generated/CLOCK_XMC4/clock_xmc4_conf.o
                0x08003bf8                SystemCoreClockSetup
 .text.DAVE_Init
                0x08003c58       0x80 ./lib/xmc/Dave/Generated/DAVE.o
                0x08003c58                DAVE_Init
 .text.pal_init
                0x08003cd8        0x4 ./lib/pal/pal.o
                0x08003cd8                pal_init
 .text.pal_gpio_set_high
                0x08003cdc       0x12 ./lib/pal/pal_gpio.o
                0x08003cdc                pal_gpio_set_high
 .text.pal_gpio_set_low
                0x08003cee       0x14 ./lib/pal/pal_gpio.o
                0x08003cee                pal_gpio_set_low
 *fill*         0x08003d02        0x2 
 .text.pal_i2c_acquire.isra.2
                0x08003d04       0x20 ./lib/pal/pal_i2c.o
 .text.invoke_upper_layer_callback
                0x08003d24       0x14 ./lib/pal/pal_i2c.o
                0x08003d24                invoke_upper_layer_callback
 .text.i2c_master_end_of_transmit_callback
                0x08003d38       0x10 ./lib/pal/pal_i2c.o
                0x08003d38                i2c_master_end_of_transmit_callback
 .text.i2c_master_end_of_receive_callback
                0x08003d48       0x10 ./lib/pal/pal_i2c.o
                0x08003d48                i2c_master_end_of_receive_callback
 .text.i2c_master_error_detected_callback
                0x08003d58       0x50 ./lib/pal/pal_i2c.o
                0x08003d58                i2c_master_error_detected_callback
 .text.i2c_master_nack_received_callback
                0x08003da8        0x4 ./lib/pal/pal_i2c.o
                0x08003da8                i2c_master_nack_received_callback
 .text.i2c_master_arbitration_lost_callback
                0x08003dac        0x4 ./lib/pal/pal_i2c.o
                0x08003dac                i2c_master_arbitration_lost_callback
 .text.pal_i2c_init
                0x08003db0        0x4 ./lib/pal/pal_i2c.o
                0x08003db0                pal_i2c_init
 .text.pal_i2c_deinit
                0x08003db4        0x4 ./lib/pal/pal_i2c.o
                0x08003db4                pal_i2c_deinit
 .text.pal_i2c_write
                0x08003db8       0x50 ./lib/pal/pal_i2c.o
                0x08003db8                pal_i2c_write
 .text.pal_i2c_read
                0x08003e08       0x54 ./lib/pal/pal_i2c.o
                0x08003e08                pal_i2c_read
 .text.pal_i2c_set_bitrate
                0x08003e5c       0x4c ./lib/pal/pal_i2c.o
                0x08003e5c                pal_i2c_set_bitrate
 .text.cunit_console_uart_end_of_transmit_callback
                0x08003ea8        0xc ./lib/pal/pal_logger.o
                0x08003ea8                cunit_console_uart_end_of_transmit_callback
 .text.cunit_console_uart_end_of_receive_callback
                0x08003eb4        0xc ./lib/pal/pal_logger.o
                0x08003eb4                cunit_console_uart_end_of_receive_callback
 .text.pal_logger_init
                0x08003ec0       0x1e ./lib/pal/pal_logger.o
                0x08003ec0                pal_logger_init
 *fill*         0x08003ede        0x2 
 .text.pal_logger_write
                0x08003ee0       0x3c ./lib/pal/pal_logger.o
                0x08003ee0                pal_logger_write
 .text.pal_logger_read
                0x08003f1c       0x3c ./lib/pal/pal_logger.o
                0x08003f1c                pal_logger_read
 .text.pal_os_datastore_write
                0x08003f58       0x34 ./lib/pal/pal_os_datastore.o
                0x08003f58                pal_os_datastore_write
 .text.pal_os_datastore_read
                0x08003f8c       0x50 ./lib/pal/pal_os_datastore.o
                0x08003f8c                pal_os_datastore_read
 .text.pal_os_event_stop
                0x08003fdc        0x6 ./lib/pal/pal_os_event.o
                0x08003fdc                pal_os_event_stop
 *fill*         0x08003fe2        0x2 
 .text.CCU43_1_IRQHandler
                0x08003fe4       0x2c ./lib/pal/pal_os_event.o
                0x08003fe4                CCU43_1_IRQHandler
 .text.pal_os_event_register_callback_oneshot
                0x08004010       0x20 ./lib/pal/pal_os_event.o
                0x08004010                pal_os_event_register_callback_oneshot
 .text.pal_os_event_start
                0x08004030       0x18 ./lib/pal/pal_os_event.o
                0x08004030                pal_os_event_start
 .text.pal_os_event_create
                0x08004048       0x18 ./lib/pal/pal_os_event.o
                0x08004048                pal_os_event_create
 .text.pal_os_lock_enter_critical_section
                0x08004060        0x2 ./lib/pal/pal_os_lock.o
                0x08004060                pal_os_lock_enter_critical_section
 .text.pal_os_lock_exit_critical_section
                0x08004062        0x2 ./lib/pal/pal_os_lock.o
                0x08004062                pal_os_lock_exit_critical_section
 .text.CCU41_1_IRQHandler
                0x08004064       0x24 ./lib/pal/pal_os_timer.o
                0x08004064                CCU41_1_IRQHandler
 .text.pal_os_timer_get_time_in_microseconds
                0x08004088       0x10 ./lib/pal/pal_os_timer.o
                0x08004088                pal_os_timer_get_time_in_microseconds
 .text.pal_os_timer_get_time_in_milliseconds
                0x08004098        0xc ./lib/pal/pal_os_timer.o
                0x08004098                pal_os_timer_get_time_in_milliseconds
 .text.pal_os_timer_delay_in_milliseconds
                0x080040a4       0x18 ./lib/pal/pal_os_timer.o
                0x080040a4                pal_os_timer_delay_in_milliseconds
 .text.optiga_util_generic_event_handler
                0x080040bc       0x10 ./lib/optiga/util/optiga_util.o
 .text.optiga_util_create
                0x080040cc       0x44 ./lib/optiga/util/optiga_util.o
                0x080040cc                optiga_util_create
 .text.optiga_util_destroy
                0x08004110       0x2a ./lib/optiga/util/optiga_util.o
                0x08004110                optiga_util_destroy
 .text.optiga_util_open_application
                0x0800413a       0x2e ./lib/optiga/util/optiga_util.o
                0x0800413a                optiga_util_open_application
 .text.optiga_util_close_application
                0x08004168       0x2e ./lib/optiga/util/optiga_util.o
                0x08004168                optiga_util_close_application
 .text.optiga_util_read_data
                0x08004196       0x64 ./lib/optiga/util/optiga_util.o
                0x08004196                optiga_util_read_data
 .text.optiga_util_read_metadata
                0x080041fa       0x66 ./lib/optiga/util/optiga_util.o
                0x080041fa                optiga_util_read_metadata
 .text.optiga_util_write_data
                0x08004260       0x80 ./lib/optiga/util/optiga_util.o
                0x08004260                optiga_util_write_data
 .text.optiga_util_write_metadata
                0x080042e0       0x5c ./lib/optiga/util/optiga_util.o
                0x080042e0                optiga_util_write_metadata
 .text.optiga_util_protected_update_start
                0x0800433c       0x54 ./lib/optiga/util/optiga_util.o
                0x0800433c                optiga_util_protected_update_start
 .text.optiga_util_protected_update_continue
                0x08004390       0x3a ./lib/optiga/util/optiga_util.o
                0x08004390                optiga_util_protected_update_continue
 .text.optiga_util_protected_update_final
                0x080043ca       0x36 ./lib/optiga/util/optiga_util.o
                0x080043ca                optiga_util_protected_update_final
 .text.optiga_util_update_count
                0x08004400       0x58 ./lib/optiga/util/optiga_util.o
                0x08004400                optiga_util_update_count
 .text.optiga_crypt_generic_event_handler
                0x08004458       0x10 ./lib/optiga/crypt/optiga_crypt.o
 .text.optiga_crypt_create
                0x08004468       0x44 ./lib/optiga/crypt/optiga_crypt.o
                0x08004468                optiga_crypt_create
 .text.optiga_crypt_destroy
                0x080044ac       0x2a ./lib/optiga/crypt/optiga_crypt.o
                0x080044ac                optiga_crypt_destroy
 .text.optiga_crypt_random
                0x080044d6       0x54 ./lib/optiga/crypt/optiga_crypt.o
                0x080044d6                optiga_crypt_random
 .text.optiga_crypt_hash_start
                0x0800452a       0x48 ./lib/optiga/crypt/optiga_crypt.o
                0x0800452a                optiga_crypt_hash_start
 .text.optiga_crypt_hash_update
                0x08004572       0x70 ./lib/optiga/crypt/optiga_crypt.o
                0x08004572                optiga_crypt_hash_update
 .text.optiga_crypt_hash_finalize
                0x080045e2       0x52 ./lib/optiga/crypt/optiga_crypt.o
                0x080045e2                optiga_crypt_hash_finalize
 .text.optiga_crypt_ecc_generate_keypair
                0x08004634       0x6e ./lib/optiga/crypt/optiga_crypt.o
                0x08004634                optiga_crypt_ecc_generate_keypair
 .text.optiga_crypt_ecdsa_sign
                0x080046a2       0x62 ./lib/optiga/crypt/optiga_crypt.o
                0x080046a2                optiga_crypt_ecdsa_sign
 .text.optiga_crypt_ecdsa_verify
                0x08004704       0x72 ./lib/optiga/crypt/optiga_crypt.o
                0x08004704                optiga_crypt_ecdsa_verify
 .text.optiga_crypt_ecdh
                0x08004776       0x6e ./lib/optiga/crypt/optiga_crypt.o
                0x08004776                optiga_crypt_ecdh
 .text.optiga_crypt_tls_prf_sha256
                0x080047e4       0x80 ./lib/optiga/crypt/optiga_crypt.o
                0x080047e4                optiga_crypt_tls_prf_sha256
 .text.ifx_i2c_tl_event_handler
                0x08004864       0x28 ./lib/optiga/comms/ifx_i2c/ifx_i2c.o
                0x08004864                ifx_i2c_tl_event_handler
 .text.ifx_i2c_init
                0x0800488c       0x88 ./lib/optiga/comms/ifx_i2c/ifx_i2c.o
 .text.ifx_i2c_open
                0x08004914       0x3a ./lib/optiga/comms/ifx_i2c/ifx_i2c.o
                0x08004914                ifx_i2c_open
 .text.ifx_i2c_transceive
                0x0800494e       0x32 ./lib/optiga/comms/ifx_i2c/ifx_i2c.o
                0x0800494e                ifx_i2c_transceive
 .text.ifx_i2c_close
                0x08004980       0x3e ./lib/optiga/comms/ifx_i2c/ifx_i2c.o
                0x08004980                ifx_i2c_close
 .text.ifx_i2c_dl_calc_crc
                0x080049be       0x36 ./lib/optiga/comms/ifx_i2c/ifx_i2c_data_link_layer.o
 .text.ifx_i2c_dl_send_frame_internal
                0x080049f4       0x8e ./lib/optiga/comms/ifx_i2c/ifx_i2c_data_link_layer.o
 *fill*         0x08004a82        0x2 
 .text.ifx_i2c_pl_event_handler
                0x08004a84      0x2e8 ./lib/optiga/comms/ifx_i2c/ifx_i2c_data_link_layer.o
 .text.ifx_i2c_dl_init
                0x08004d6c       0x48 ./lib/optiga/comms/ifx_i2c/ifx_i2c_data_link_layer.o
                0x08004d6c                ifx_i2c_dl_init
 .text.ifx_i2c_dl_send_frame
                0x08004db4       0x36 ./lib/optiga/comms/ifx_i2c/ifx_i2c_data_link_layer.o
                0x08004db4                ifx_i2c_dl_send_frame
 *fill*         0x08004dea        0x2 
 .text.ifx_i2c_dl_receive_frame
                0x08004dec       0x3c ./lib/optiga/comms/ifx_i2c/ifx_i2c_data_link_layer.o
                0x08004dec                ifx_i2c_dl_receive_frame
 .text.ifx_i2c_pl_read_register
                0x08004e28       0x30 ./lib/optiga/comms/ifx_i2c/ifx_i2c_physical_layer.o
 .text.ifx_i2c_pl_status_poll_callback
                0x08004e58        0x8 ./lib/optiga/comms/ifx_i2c/ifx_i2c_physical_layer.o
 .text.ifx_i2c_pl_write_register
                0x08004e60       0x3a ./lib/optiga/comms/ifx_i2c/ifx_i2c_physical_layer.o
 .text.ifx_i2c_pal_poll_callback
                0x08004e9a       0x2c ./lib/optiga/comms/ifx_i2c/ifx_i2c_physical_layer.o
 *fill*         0x08004ec6        0x2 
 .text.ifx_i2c_pl_set_bit_rate
                0x08004ec8       0x40 ./lib/optiga/comms/ifx_i2c/ifx_i2c_physical_layer.o
 .text.ifx_i2c_pl_negotiation_event_handler
                0x08004f08      0x174 ./lib/optiga/comms/ifx_i2c/ifx_i2c_physical_layer.o
 .text.ifx_i2c_pl_frame_event_handler
                0x0800507c      0x100 ./lib/optiga/comms/ifx_i2c/ifx_i2c_physical_layer.o
 .text.ifx_i2c_pl_soft_reset
                0x0800517c       0x90 ./lib/optiga/comms/ifx_i2c/ifx_i2c_physical_layer.o
 .text.ifx_i2c_pl_pal_event_handler
                0x0800520c       0x40 ./lib/optiga/comms/ifx_i2c/ifx_i2c_physical_layer.o
 .text.ifx_i2c_pl_guard_time_callback
                0x0800524c       0x34 ./lib/optiga/comms/ifx_i2c/ifx_i2c_physical_layer.o
 .text.ifx_i2c_pl_init
                0x08005280       0x64 ./lib/optiga/comms/ifx_i2c/ifx_i2c_physical_layer.o
                0x08005280                ifx_i2c_pl_init
 .text.ifx_i2c_pl_send_frame
                0x080052e4       0x2a ./lib/optiga/comms/ifx_i2c/ifx_i2c_physical_layer.o
                0x080052e4                ifx_i2c_pl_send_frame
 .text.ifx_i2c_pl_receive_frame
                0x0800530e       0x22 ./lib/optiga/comms/ifx_i2c/ifx_i2c_physical_layer.o
                0x0800530e                ifx_i2c_pl_receive_frame
 .text.ifx_i2c_tl_send_next_fragment
                0x08005330       0x4c ./lib/optiga/comms/ifx_i2c/ifx_i2c_transport_layer.o
 .text.ifx_i2c_dl_event_handler
                0x0800537c      0x260 ./lib/optiga/comms/ifx_i2c/ifx_i2c_transport_layer.o
 .text.ifx_i2c_tl_init
                0x080055dc       0x34 ./lib/optiga/comms/ifx_i2c/ifx_i2c_transport_layer.o
                0x080055dc                ifx_i2c_tl_init
 .text.ifx_i2c_tl_transceive
                0x08005610       0x5c ./lib/optiga/comms/ifx_i2c/ifx_i2c_transport_layer.o
                0x08005610                ifx_i2c_tl_transceive
 .text.ifx_i2c_event_handler
                0x0800566c       0x10 ./lib/optiga/comms/optiga_comms_ifx_i2c.o
 .text.optiga_comms_create
                0x0800567c       0x18 ./lib/optiga/comms/optiga_comms_ifx_i2c.o
                0x0800567c                optiga_comms_create
 .text.optiga_comms_set_callback_context
                0x08005694        0x6 ./lib/optiga/comms/optiga_comms_ifx_i2c.o
                0x08005694                optiga_comms_set_callback_context
 *fill*         0x0800569a        0x2 
 .text.optiga_comms_open
                0x0800569c       0x3c ./lib/optiga/comms/optiga_comms_ifx_i2c.o
                0x0800569c                optiga_comms_open
 .text.optiga_comms_transceive
                0x080056d8       0x34 ./lib/optiga/comms/optiga_comms_ifx_i2c.o
                0x080056d8                optiga_comms_transceive
 .text.optiga_comms_close
                0x0800570c       0x30 ./lib/optiga/comms/optiga_comms_ifx_i2c.o
                0x0800570c                optiga_comms_close
 .text.optiga_common_get_uint32
                0x0800573c       0x16 ./lib/optiga/common/optiga_lib_common.o
                0x0800573c                optiga_common_get_uint32
 .text.optiga_common_set_uint16
                0x08005752        0x8 ./lib/optiga/common/optiga_lib_common.o
                0x08005752                optiga_common_set_uint16
 .text.optiga_common_get_uint16
                0x0800575a        0xe ./lib/optiga/common/optiga_lib_common.o
                0x0800575a                optiga_common_get_uint16
 .text.optiga_lib_word_to_hex_string
                0x08005768       0x4c ./lib/optiga/common/optiga_lib_logger.o
 .text.optiga_lib_print_string
                0x080057b4       0x20 ./lib/optiga/common/optiga_lib_logger.o
                0x080057b4                optiga_lib_print_string
 .text.optiga_lib_print_string_with_newline
                0x080057d4       0x34 ./lib/optiga/common/optiga_lib_logger.o
                0x080057d4                optiga_lib_print_string_with_newline
 .text.optiga_lib_print_message
                0x08005808       0x50 ./lib/optiga/common/optiga_lib_logger.o
                0x08005808                optiga_lib_print_message
 .text.optiga_lib_print_status
                0x08005858       0xb0 ./lib/optiga/common/optiga_lib_logger.o
                0x08005858                optiga_lib_print_status
 .text.optiga_cmd_prepare_tag_header
                0x08005908       0x1a ./lib/optiga/cmd/optiga_cmd.o
 .text.optiga_cmd_queue_update_slot
                0x08005922       0x6c ./lib/optiga/cmd/optiga_cmd.o
 *fill*         0x0800598e        0x2 
 .text.optiga_cmd_queue_reset_slot
                0x08005990       0x4c ./lib/optiga/cmd/optiga_cmd.o
 .text.optiga_cmd_execute_handler
                0x080059dc      0x290 ./lib/optiga/cmd/optiga_cmd.o
 .text.optiga_cmd_event_trigger_execute
                0x08005c6c        0x6 ./lib/optiga/cmd/optiga_cmd.o
 .text.optiga_cmd_get_data_object_handler
                0x08005c72       0xfe ./lib/optiga/cmd/optiga_cmd.o
 .text.optiga_cmd_set_data_object_handler
                0x08005d70       0xbc ./lib/optiga/cmd/optiga_cmd.o
 .text.optiga_cmd_get_random_handler
                0x08005e2c       0xec ./lib/optiga/cmd/optiga_cmd.o
 .text.optiga_cmd_calc_sign_handler
                0x08005f18       0xce ./lib/optiga/cmd/optiga_cmd.o
 .text.optiga_cmd_verify_sign_handler
                0x08005fe6      0x162 ./lib/optiga/cmd/optiga_cmd.o
 .text.optiga_cmd_calc_ssec_handler
                0x08006148      0x14c ./lib/optiga/cmd/optiga_cmd.o
 .text.optiga_cmd_derive_key_handler
                0x08006294      0x196 ./lib/optiga/cmd/optiga_cmd.o
 *fill*         0x0800642a        0x2 
 .text.optiga_cmd_set_object_protected_handler
                0x0800642c       0xb4 ./lib/optiga/cmd/optiga_cmd.o
 .text.optiga_cmd_gen_keypair_handler
                0x080064e0      0x142 ./lib/optiga/cmd/optiga_cmd.o
 .text.optiga_cmd_calc_hash_handler
                0x08006622      0x208 ./lib/optiga/cmd/optiga_cmd.o
 .text.optiga_cmd_close_application_handler
                0x0800682a       0x7a ./lib/optiga/cmd/optiga_cmd.o
 .text.optiga_cmd_open_application_handler
                0x080068a4       0xe4 ./lib/optiga/cmd/optiga_cmd.o
 .text.optiga_cmd_queue_scheduler
                0x08006988      0x1c8 ./lib/optiga/cmd/optiga_cmd.o
 .text.optiga_cmd_create
                0x08006b50       0xa4 ./lib/optiga/cmd/optiga_cmd.o
                0x08006b50                optiga_cmd_create
 .text.optiga_cmd_destroy
                0x08006bf4       0x40 ./lib/optiga/cmd/optiga_cmd.o
                0x08006bf4                optiga_cmd_destroy
 .text.optiga_cmd_open_application
                0x08006c34       0x20 ./lib/optiga/cmd/optiga_cmd.o
                0x08006c34                optiga_cmd_open_application
 .text.optiga_cmd_close_application
                0x08006c54       0x20 ./lib/optiga/cmd/optiga_cmd.o
                0x08006c54                optiga_cmd_close_application
 .text.optiga_cmd_get_data_object
                0x08006c74       0x20 ./lib/optiga/cmd/optiga_cmd.o
                0x08006c74                optiga_cmd_get_data_object
 .text.optiga_cmd_set_data_object
                0x08006c94       0x20 ./lib/optiga/cmd/optiga_cmd.o
                0x08006c94                optiga_cmd_set_data_object
 .text.optiga_cmd_get_random
                0x08006cb4       0x28 ./lib/optiga/cmd/optiga_cmd.o
                0x08006cb4                optiga_cmd_get_random
 .text.optiga_cmd_calc_sign
                0x08006cdc       0x34 ./lib/optiga/cmd/optiga_cmd.o
                0x08006cdc                optiga_cmd_calc_sign
 .text.optiga_cmd_verify_sign
                0x08006d10       0x20 ./lib/optiga/cmd/optiga_cmd.o
                0x08006d10                optiga_cmd_verify_sign
 .text.optiga_cmd_calc_ssec
                0x08006d30       0x3c ./lib/optiga/cmd/optiga_cmd.o
                0x08006d30                optiga_cmd_calc_ssec
 .text.optiga_cmd_derive_key
                0x08006d6c       0x40 ./lib/optiga/cmd/optiga_cmd.o
                0x08006d6c                optiga_cmd_derive_key
 .text.optiga_cmd_gen_keypair
                0x08006dac       0x38 ./lib/optiga/cmd/optiga_cmd.o
                0x08006dac                optiga_cmd_gen_keypair
 .text.optiga_cmd_calc_hash
                0x08006de4       0x24 ./lib/optiga/cmd/optiga_cmd.o
                0x08006de4                optiga_cmd_calc_hash
 .text.optiga_cmd_set_object_protected
                0x08006e08       0x58 ./lib/optiga/cmd/optiga_cmd.o
                0x08006e08                optiga_cmd_set_object_protected
 .text.optiga_crypt_callback
                0x08006e60        0xc ./examples/example_optiga_crypt_ecc_generate_keypair.o
 .text.example_optiga_crypt_ecc_generate_keypair
                0x08006e6c       0xa8 ./examples/example_optiga_crypt_ecc_generate_keypair.o
                0x08006e6c                example_optiga_crypt_ecc_generate_keypair
 .text.optiga_crypt_callback
                0x08006f14        0xc ./examples/example_optiga_crypt_ecdh.o
 .text.example_optiga_crypt_ecdh
                0x08006f20       0xd0 ./examples/example_optiga_crypt_ecdh.o
                0x08006f20                example_optiga_crypt_ecdh
 .text.optiga_crypt_callback
                0x08006ff0        0xc ./examples/example_optiga_crypt_ecdsa_sign.o
 .text.example_optiga_crypt_ecdsa_sign
                0x08006ffc       0xa0 ./examples/example_optiga_crypt_ecdsa_sign.o
                0x08006ffc                example_optiga_crypt_ecdsa_sign
 .text.optiga_crypt_callback
                0x0800709c        0xc ./examples/example_optiga_crypt_ecdsa_verify.o
 .text.example_optiga_crypt_ecdsa_verify
                0x080070a8       0xa8 ./examples/example_optiga_crypt_ecdsa_verify.o
                0x080070a8                example_optiga_crypt_ecdsa_verify
 .text.optiga_crypt_callback
                0x08007150        0xc ./examples/example_optiga_crypt_hash.o
 .text.example_optiga_crypt_hash
                0x0800715c      0x10c ./examples/example_optiga_crypt_hash.o
                0x0800715c                example_optiga_crypt_hash
 .text.optiga_crypt_callback
                0x08007268        0xc ./examples/example_optiga_crypt_random.o
 .text.example_optiga_crypt_random
                0x08007274       0x8c ./examples/example_optiga_crypt_random.o
                0x08007274                example_optiga_crypt_random
 .text.optiga_lib_callback
                0x08007300        0xc ./examples/example_optiga_crypt_tls_prf_sha256.o
 .text.example_optiga_crypt_tls_prf_sha256
                0x0800730c      0x1a0 ./examples/example_optiga_crypt_tls_prf_sha256.o
                0x0800730c                example_optiga_crypt_tls_prf_sha256
 .text.optiga_lib_callback
                0x080074ac        0xc ./examples/example_optiga_hibernate_restore.o
 .text.example_optiga_util_hibernate_restore
                0x080074b8      0x240 ./examples/example_optiga_hibernate_restore.o
                0x080074b8                example_optiga_util_hibernate_restore
 .text.optiga_util_callback
                0x080076f8        0xc ./examples/example_optiga_util_protected_update.o
 .text.example_optiga_util_protected_update
                0x08007704      0x174 ./examples/example_optiga_util_protected_update.o
                0x08007704                example_optiga_util_protected_update
 .text.optiga_util_callback
                0x08007878        0xc ./examples/example_optiga_util_read_data.o
 .text.example_optiga_util_read_data
                0x08007884       0xd0 ./examples/example_optiga_util_read_data.o
                0x08007884                example_optiga_util_read_data
 .text.optiga_util_callback
                0x08007954        0xc ./examples/example_optiga_util_update_count.o
 .text.example_optiga_util_update_count
                0x08007960       0xc8 ./examples/example_optiga_util_update_count.o
                0x08007960                example_optiga_util_update_count
 .text.optiga_util_callback
                0x08007a28        0xc ./examples/example_optiga_util_write_data.o
 .text.example_optiga_util_write_data
                0x08007a34       0xd0 ./examples/example_optiga_util_write_data.o
                0x08007a34                example_optiga_util_write_data
 .text.optiga_lib_callback
                0x08007b04        0xc ./examples/example_pair_host_and_optiga_using_pre_shared_secret.o
 .text.example_pair_host_and_optiga_using_pre_shared_secret
                0x08007b10      0x164 ./examples/example_pair_host_and_optiga_using_pre_shared_secret.o
                0x08007b10                example_pair_host_and_optiga_using_pre_shared_secret
 .text.startup.main
                0x08007c74       0x2c ./main_xmc4800_example.o
                0x08007c74                main
 .text.optiga_util_callback
                0x08007ca0        0xc ./optiga_shell.o
 .text.optiga_shell_crypt_rsa_sign
                0x08007cac        0x2 ./optiga_shell.o
 .text.optiga_shell_crypt_rsa_verify
                0x08007cae        0x2 ./optiga_shell.o
 .text.optiga_shell_crypt_generate_keypair
                0x08007cb0        0x2 ./optiga_shell.o
 .text.optiga_shell_crypt_rsa_decrypt_and_export
                0x08007cb2        0x2 ./optiga_shell.o
 .text.optiga_shell_crypt_rsa_decrypt_and_store
                0x08007cb4        0x2 ./optiga_shell.o
 .text.optiga_shell_crypt_rsa_encrypt_message
                0x08007cb6        0x2 ./optiga_shell.o
 .text.optiga_shell_crypt_rsa_encrypt_session
                0x08007cb8        0x2 ./optiga_shell.o
 *fill*         0x08007cba        0x2 
 .text.optiga_shell_crypt_ecdh
                0x08007cbc       0x5c ./optiga_shell.o
 .text.optiga_shell_crypt_ecdsa_verify
                0x08007d18       0x34 ./optiga_shell.o
 .text.optiga_shell_crypt_ecdsa_sign
                0x08007d4c       0x34 ./optiga_shell.o
 .text.optiga_shell_crypt_ecc_generate_keypair
                0x08007d80       0x34 ./optiga_shell.o
 .text.optiga_shell_crypt_random
                0x08007db4       0x34 ./optiga_shell.o
 .text.optiga_shell_crypt_tls_prf_sha256
                0x08007de8       0x5c ./optiga_shell.o
 .text.optiga_shell_crypt_hash
                0x08007e44       0x34 ./optiga_shell.o
 .text.optiga_shell_util_protected_update
                0x08007e78       0x50 ./optiga_shell.o
 .text.optiga_shell_util_update_count
                0x08007ec8       0x40 ./optiga_shell.o
 .text.optiga_shell_util_hibernate_restore
                0x08007f08       0xc0 ./optiga_shell.o
 .text.optiga_shell_pair_host_optiga
                0x08007fc8       0x5c ./optiga_shell.o
 .text.optiga_shell_util_write_data
                0x08008024       0x40 ./optiga_shell.o
 .text.optiga_shell_util_read_data
                0x08008064       0x40 ./optiga_shell.o
 .text.optiga_shell_init
                0x080080a4       0xd4 ./optiga_shell.o
 .text.optiga_shell_selftest
                0x08008178      0x3f4 ./optiga_shell.o
 .text.optiga_shell_show_usage
                0x0800856c       0x44 ./optiga_shell.o
 .text.optiga_shell_deinit
                0x080085b0       0x38 ./optiga_shell.o
 .text.optiga_shell_begin
                0x080085e8      0x108 ./optiga_shell.o
                0x080085e8                optiga_shell_begin
 .text.optiga_shell_wait_for_user
                0x080086f0       0x44 ./optiga_shell.o
                0x080086f0                optiga_shell_wait_for_user
 .text          0x08008734       0x18 c:/users/yushev/downloads/dave_4-4-2_64bit_2018-02-23/dave-ide-4.4.2-64bit/eclipse/arm-gcc-49/bin/../lib/gcc/arm-none-eabi/4.9.3/armv7e-m/softfp\libgcc.a(_lshrdi3.o)
                0x08008734                __lshrdi3
                0x08008734                __aeabi_llsr
 .text          0x0800874c       0x2c c:/users/yushev/downloads/dave_4-4-2_64bit_2018-02-23/dave-ide-4.4.2-64bit/eclipse/arm-gcc-49/bin/../lib/gcc/arm-none-eabi/4.9.3/armv7e-m/softfp\libgcc.a(_aeabi_uldivmod.o)
                0x0800874c                __aeabi_uldivmod
 .text          0x08008778       0x60 c:/users/yushev/downloads/dave_4-4-2_64bit_2018-02-23/dave-ide-4.4.2-64bit/eclipse/arm-gcc-49/bin/../lib/gcc/arm-none-eabi/4.9.3/armv7e-m/softfp\libgcc.a(bpabi.o)
                0x08008778                __gnu_ldivmod_helper
                0x080087a8                __gnu_uldivmod_helper
 .text          0x080087d8        0x4 c:/users/yushev/downloads/dave_4-4-2_64bit_2018-02-23/dave-ide-4.4.2-64bit/eclipse/arm-gcc-49/bin/../lib/gcc/arm-none-eabi/4.9.3/armv7e-m/softfp\libgcc.a(_dvmd_tls.o)
                0x080087d8                __aeabi_idiv0
                0x080087d8                __aeabi_ldiv0
 .text          0x080087dc      0x29c c:/users/yushev/downloads/dave_4-4-2_64bit_2018-02-23/dave-ide-4.4.2-64bit/eclipse/arm-gcc-49/bin/../lib/gcc/arm-none-eabi/4.9.3/armv7e-m/softfp\libgcc.a(_divdi3.o)
                0x080087dc                __divdi3
 .text          0x08008a78      0x26c c:/users/yushev/downloads/dave_4-4-2_64bit_2018-02-23/dave-ide-4.4.2-64bit/eclipse/arm-gcc-49/bin/../lib/gcc/arm-none-eabi/4.9.3/armv7e-m/softfp\libgcc.a(_udivdi3.o)
                0x08008a78                __udivdi3
 .text.calloc   0x08008ce4       0x14 c:/users/yushev/downloads/dave_4-4-2_64bit_2018-02-23/dave-ide-4.4.2-64bit/eclipse/arm-gcc-49/bin/../lib/gcc/arm-none-eabi/4.9.3/../../../../arm-none-eabi/lib/armv7e-m/softfp\libg_nano.a(lib_a-calloc.o)
                0x08008ce4                calloc
 .text.__errno  0x08008cf8        0xc c:/users/yushev/downloads/dave_4-4-2_64bit_2018-02-23/dave-ide-4.4.2-64bit/eclipse/arm-gcc-49/bin/../lib/gcc/arm-none-eabi/4.9.3/../../../../arm-none-eabi/lib/armv7e-m/softfp\libg_nano.a(lib_a-errno.o)
                0x08008cf8                __errno
 .text.__libc_init_array
                0x08008d04       0x4c c:/users/yushev/downloads/dave_4-4-2_64bit_2018-02-23/dave-ide-4.4.2-64bit/eclipse/arm-gcc-49/bin/../lib/gcc/arm-none-eabi/4.9.3/../../../../arm-none-eabi/lib/armv7e-m/softfp\libg_nano.a(lib_a-init.o)
                0x08008d04                __libc_init_array
 .text.free     0x08008d50       0x10 c:/users/yushev/downloads/dave_4-4-2_64bit_2018-02-23/dave-ide-4.4.2-64bit/eclipse/arm-gcc-49/bin/../lib/gcc/arm-none-eabi/4.9.3/../../../../arm-none-eabi/lib/armv7e-m/softfp\libg_nano.a(lib_a-malloc.o)
                0x08008d50                free
 .text.memcpy   0x08008d60       0x16 c:/users/yushev/downloads/dave_4-4-2_64bit_2018-02-23/dave-ide-4.4.2-64bit/eclipse/arm-gcc-49/bin/../lib/gcc/arm-none-eabi/4.9.3/../../../../arm-none-eabi/lib/armv7e-m/softfp\libg_nano.a(lib_a-memcpy.o)
                0x08008d60                memcpy
 .text.memset   0x08008d76       0x10 c:/users/yushev/downloads/dave_4-4-2_64bit_2018-02-23/dave-ide-4.4.2-64bit/eclipse/arm-gcc-49/bin/../lib/gcc/arm-none-eabi/4.9.3/../../../../arm-none-eabi/lib/armv7e-m/softfp\libg_nano.a(lib_a-memset.o)
                0x08008d76                memset
 .text._calloc_r
                0x08008d86       0x1c c:/users/yushev/downloads/dave_4-4-2_64bit_2018-02-23/dave-ide-4.4.2-64bit/eclipse/arm-gcc-49/bin/../lib/gcc/arm-none-eabi/4.9.3/../../../../arm-none-eabi/lib/armv7e-m/softfp\libg_nano.a(lib_a-nano-callocr.o)
                0x08008d86                _calloc_r
 *fill*         0x08008da2        0x2 
 .text._free_r  0x08008da4       0x88 c:/users/yushev/downloads/dave_4-4-2_64bit_2018-02-23/dave-ide-4.4.2-64bit/eclipse/arm-gcc-49/bin/../lib/gcc/arm-none-eabi/4.9.3/../../../../arm-none-eabi/lib/armv7e-m/softfp\libg_nano.a(lib_a-nano-freer.o)
                0x08008da4                _free_r
 .text._malloc_r
                0x08008e2c       0xac c:/users/yushev/downloads/dave_4-4-2_64bit_2018-02-23/dave-ide-4.4.2-64bit/eclipse/arm-gcc-49/bin/../lib/gcc/arm-none-eabi/4.9.3/../../../../arm-none-eabi/lib/armv7e-m/softfp\libg_nano.a(lib_a-nano-mallocr.o)
                0x08008e2c                _malloc_r
 .text._sbrk_r  0x08008ed8       0x20 c:/users/yushev/downloads/dave_4-4-2_64bit_2018-02-23/dave-ide-4.4.2-64bit/eclipse/arm-gcc-49/bin/../lib/gcc/arm-none-eabi/4.9.3/../../../../arm-none-eabi/lib/armv7e-m/softfp\libg_nano.a(lib_a-sbrkr.o)
                0x08008ed8                _sbrk_r
 .text.sprintf  0x08008ef8       0x48 c:/users/yushev/downloads/dave_4-4-2_64bit_2018-02-23/dave-ide-4.4.2-64bit/eclipse/arm-gcc-49/bin/../lib/gcc/arm-none-eabi/4.9.3/../../../../arm-none-eabi/lib/armv7e-m/softfp\libg_nano.a(lib_a-sprintf.o)
                0x08008ef8                siprintf
                0x08008ef8                sprintf
 .text.strcat   0x08008f40       0x1e c:/users/yushev/downloads/dave_4-4-2_64bit_2018-02-23/dave-ide-4.4.2-64bit/eclipse/arm-gcc-49/bin/../lib/gcc/arm-none-eabi/4.9.3/../../../../arm-none-eabi/lib/armv7e-m/softfp\libg_nano.a(lib_a-strcat.o)
                0x08008f40                strcat
 .text          0x08008f5e       0x14 c:/users/yushev/downloads/dave_4-4-2_64bit_2018-02-23/dave-ide-4.4.2-64bit/eclipse/arm-gcc-49/bin/../lib/gcc/arm-none-eabi/4.9.3/../../../../arm-none-eabi/lib/armv7e-m/softfp\libg_nano.a(lib_a-strcmp.o)
                0x08008f5e                strcmp
 .text.strcpy   0x08008f72       0x10 c:/users/yushev/downloads/dave_4-4-2_64bit_2018-02-23/dave-ide-4.4.2-64bit/eclipse/arm-gcc-49/bin/../lib/gcc/arm-none-eabi/4.9.3/../../../../arm-none-eabi/lib/armv7e-m/softfp\libg_nano.a(lib_a-strcpy.o)
                0x08008f72                strcpy
 .text.strlen   0x08008f82       0x10 c:/users/yushev/downloads/dave_4-4-2_64bit_2018-02-23/dave-ide-4.4.2-64bit/eclipse/arm-gcc-49/bin/../lib/gcc/arm-none-eabi/4.9.3/../../../../arm-none-eabi/lib/armv7e-m/softfp\libg_nano.a(lib_a-strlen.o)
                0x08008f82                strlen
 .text.__ssputs_r
                0x08008f92       0xb2 c:/users/yushev/downloads/dave_4-4-2_64bit_2018-02-23/dave-ide-4.4.2-64bit/eclipse/arm-gcc-49/bin/../lib/gcc/arm-none-eabi/4.9.3/../../../../arm-none-eabi/lib/armv7e-m/softfp\libg_nano.a(lib_a-nano-svfprintf.o)
                0x08008f92                __ssputs_r
 .text._svfprintf_r
                0x08009044      0x1e4 c:/users/yushev/downloads/dave_4-4-2_64bit_2018-02-23/dave-ide-4.4.2-64bit/eclipse/arm-gcc-49/bin/../lib/gcc/arm-none-eabi/4.9.3/../../../../arm-none-eabi/lib/armv7e-m/softfp\libg_nano.a(lib_a-nano-svfprintf.o)
                0x08009044                _svfiprintf_r
                0x08009044                _svfprintf_r
 .text._printf_common
                0x08009228       0xea c:/users/yushev/downloads/dave_4-4-2_64bit_2018-02-23/dave-ide-4.4.2-64bit/eclipse/arm-gcc-49/bin/../lib/gcc/arm-none-eabi/4.9.3/../../../../arm-none-eabi/lib/armv7e-m/softfp\libg_nano.a(lib_a-nano-vfprintf_i.o)
                0x08009228                _printf_common
 *fill*         0x08009312        0x2 
 .text._printf_i
                0x08009314      0x234 c:/users/yushev/downloads/dave_4-4-2_64bit_2018-02-23/dave-ide-4.4.2-64bit/eclipse/arm-gcc-49/bin/../lib/gcc/arm-none-eabi/4.9.3/../../../../arm-none-eabi/lib/armv7e-m/softfp\libg_nano.a(lib_a-nano-vfprintf_i.o)
                0x08009314                _printf_i
 .text.memchr   0x08009548       0x1e c:/users/yushev/downloads/dave_4-4-2_64bit_2018-02-23/dave-ide-4.4.2-64bit/eclipse/arm-gcc-49/bin/../lib/gcc/arm-none-eabi/4.9.3/../../../../arm-none-eabi/lib/armv7e-m/softfp\libg_nano.a(lib_a-memchr.o)
                0x08009548                memchr
 .text.memmove  0x08009566       0x36 c:/users/yushev/downloads/dave_4-4-2_64bit_2018-02-23/dave-ide-4.4.2-64bit/eclipse/arm-gcc-49/bin/../lib/gcc/arm-none-eabi/4.9.3/../../../../arm-none-eabi/lib/armv7e-m/softfp\libg_nano.a(lib_a-memmove.o)
                0x08009566                memmove
 .text._realloc_r
                0x0800959c       0x4c c:/users/yushev/downloads/dave_4-4-2_64bit_2018-02-23/dave-ide-4.4.2-64bit/eclipse/arm-gcc-49/bin/../lib/gcc/arm-none-eabi/4.9.3/../../../../arm-none-eabi/lib/armv7e-m/softfp\libg_nano.a(lib_a-nano-reallocr.o)
                0x0800959c                _realloc_r
 .text._malloc_usable_size_r
                0x080095e8       0x14 c:/users/yushev/downloads/dave_4-4-2_64bit_2018-02-23/dave-ide-4.4.2-64bit/eclipse/arm-gcc-49/bin/../lib/gcc/arm-none-eabi/4.9.3/../../../../arm-none-eabi/lib/armv7e-m/softfp\libg_nano.a(lib_a-nano-msizer.o)
                0x080095e8                _malloc_usable_size_r
 *(.init)
 *(.fini)
 *crtbegin.o(.ctors)
 *crtbegin?.o(.ctors)
 *(EXCLUDE_FILE(*crtend.o *crtend?.o) .ctors)
 *(SORT(.ctors.*))
 *(.ctors)
 *crtbegin.o(.dtors)
 *crtbegin?.o(.dtors)
 *(EXCLUDE_FILE(*crtend.o *crtend?.o) .dtors)
 *(SORT(.dtors.*))
 *(.dtors)
 *(.rodata .rodata.*)
 .rodata.CSWTCH.37
                0x080095fc        0xa ./lib/xmc/XMCLib/src/xmc_ccu4.o
 .rodata.CSWTCH.38
                0x08009606       0x14 ./lib/xmc/XMCLib/src/xmc_ccu4.o
 *fill*         0x0800961a        0x2 
 .rodata.Driver_USBD0
                0x0800961c       0x40 ./lib/xmc/XMCLib/src/xmc_usbd.o
                0x0800961c                Driver_USBD0
 .rodata.product_string
                0x0800965c       0x66 ./lib/xmc/Dave/Generated/USBD_VCOM/virtual_com/descriptors.o
                0x0800965c                product_string
 .rodata.device_descriptor
                0x080096c2       0x12 ./lib/xmc/Dave/Generated/USBD_VCOM/virtual_com/descriptors.o
                0x080096c2                device_descriptor
 .rodata.language_string
                0x080096d4       0x66 ./lib/xmc/Dave/Generated/USBD_VCOM/virtual_com/descriptors.o
                0x080096d4                language_string
 .rodata.manufacturer_string
                0x0800973a       0x66 ./lib/xmc/Dave/Generated/USBD_VCOM/virtual_com/descriptors.o
                0x0800973a                manufacturer_string
 .rodata.CSWTCH.1
                0x080097a0        0xc ./lib/xmc/Dave/Generated/USBD_VCOM/virtual_com/descriptors.o
 .rodata.CSWTCH.2
                0x080097ac        0x3 ./lib/xmc/Dave/Generated/USBD_VCOM/virtual_com/descriptors.o
 .rodata.configuration_descriptor
                0x080097af       0x3e ./lib/xmc/Dave/Generated/USBD_VCOM/virtual_com/descriptors.o
                0x080097af                configuration_descriptor
 *fill*         0x080097ed        0x3 
 .rodata.cunit_logger_config
                0x080097f0       0x30 ./lib/xmc/Dave/Generated/UART/uart_conf.o
                0x080097f0                cunit_logger_config
 .rodata.cunit_logger_channel_config
                0x08009820        0xc ./lib/xmc/Dave/Generated/UART/uart_conf.o
                0x08009820                cunit_logger_channel_config
 .rodata.cunit_logger_tx_pin
                0x0800982c        0xc ./lib/xmc/Dave/Generated/UART/uart_conf.o
                0x0800982c                cunit_logger_tx_pin
 .rodata.cunit_logger_tx_pin_config
                0x08009838        0xc ./lib/xmc/Dave/Generated/UART/uart_conf.o
                0x08009838                cunit_logger_tx_pin_config
 .rodata.cunit_logger_rx_pin_config
                0x08009844        0xc ./lib/xmc/Dave/Generated/UART/uart_conf.o
                0x08009844                cunit_logger_rx_pin_config
 .rodata.scheduler_timer_intr
                0x08009850        0x4 ./lib/xmc/Dave/Generated/INTERRUPT/interrupt_conf.o
                0x08009850                scheduler_timer_intr
 .rodata.tick_timer_intr
                0x08009854        0x4 ./lib/xmc/Dave/Generated/INTERRUPT/interrupt_conf.o
                0x08009854                tick_timer_intr
 .rodata.i2c_master_0_sda_pin_config
                0x08009858        0xc ./lib/xmc/Dave/Generated/I2C_MASTER/i2c_master_conf.o
 .rodata.i2c_master_0_scl_pin_config
                0x08009864        0xc ./lib/xmc/Dave/Generated/I2C_MASTER/i2c_master_conf.o
 .rodata.i2c_master_0_config
                0x08009870       0x2c ./lib/xmc/Dave/Generated/I2C_MASTER/i2c_master_conf.o
                0x08009870                i2c_master_0_config
 .rodata.i2c_master_0_channel_config
                0x0800989c        0x8 ./lib/xmc/Dave/Generated/I2C_MASTER/i2c_master_conf.o
                0x0800989c                i2c_master_0_channel_config
 .rodata.reset_pin
                0x080098a4       0x14 ./lib/xmc/Dave/Generated/DIGITAL_IO/digital_io_conf.o
                0x080098a4                reset_pin
 .rodata.vdd_pin
                0x080098b8       0x14 ./lib/xmc/Dave/Generated/DIGITAL_IO/digital_io_conf.o
                0x080098b8                vdd_pin
 .rodata        0x080098cc       0x14 ./lib/xmc/Dave/Generated/CLOCK_XMC4/clock_xmc4_conf.o
 .rodata.g_pctr_states_table
                0x080098e0       0x10 ./lib/optiga/comms/ifx_i2c/ifx_i2c_transport_layer.o
 .rodata        0x080098f0        0x2 ./lib/optiga/common/optiga_lib_logger.o
 .rodata.str1.1
                0x080098f2       0x51 ./lib/optiga/common/optiga_lib_logger.o
 .rodata.g_optiga_unique_application_identifier
                0x08009943       0x10 ./lib/optiga/cmd/optiga_cmd.o
                0x08009943                g_optiga_unique_application_identifier
 .rodata.__FUNCTION__.5919
                0x08009953       0x2a ./examples/example_optiga_crypt_ecc_generate_keypair.o
 .rodata.str1.1
                0x0800997d       0x1b ./examples/example_optiga_crypt_ecc_generate_keypair.o
                                 0x20 (size before relaxing)
 .rodata.__FUNCTION__.5922
                0x08009998       0x1a ./examples/example_optiga_crypt_ecdh.o
 .rodata.str1.1
                0x00000000       0x20 ./examples/example_optiga_crypt_ecdh.o
 .rodata.__FUNCTION__.5919
                0x080099b2       0x20 ./examples/example_optiga_crypt_ecdsa_sign.o
 .rodata.str1.1
                0x00000000       0x20 ./examples/example_optiga_crypt_ecdsa_sign.o
 *fill*         0x080099d2        0x2 
 .rodata        0x080099d4        0x8 ./examples/example_optiga_crypt_ecdsa_verify.o
 .rodata.__FUNCTION__.5920
                0x080099dc       0x22 ./examples/example_optiga_crypt_ecdsa_verify.o
 .rodata.str1.1
                0x00000000       0x20 ./examples/example_optiga_crypt_ecdsa_verify.o
 .rodata.__FUNCTION__.5921
                0x080099fe       0x1a ./examples/example_optiga_crypt_hash.o
 .rodata.str1.1
                0x08009a18       0x21 ./examples/example_optiga_crypt_hash.o
                                 0x41 (size before relaxing)
 .rodata.__FUNCTION__.5917
                0x08009a39       0x1c ./examples/example_optiga_crypt_random.o
 .rodata.str1.1
                0x00000000       0x20 ./examples/example_optiga_crypt_random.o
 .rodata.str1.1
                0x00000000       0x20 ./examples/example_optiga_crypt_tls_prf_sha256.o
 .rodata.__FUNCTION__.5987
                0x08009a55       0x24 ./examples/example_optiga_crypt_tls_prf_sha256.o
 .rodata.__FUNCTION__.6007
                0x08009a79       0x26 ./examples/example_optiga_hibernate_restore.o
 .rodata.str1.1
                0x00000000       0x20 ./examples/example_optiga_hibernate_restore.o
 .rodata.__FUNCTION__.5911
                0x08009a9f       0x25 ./examples/example_optiga_util_protected_update.o
 .rodata.str1.1
                0x00000000       0x20 ./examples/example_optiga_util_protected_update.o
 .rodata.__FUNCTION__.5905
                0x08009ac4       0x1e ./examples/example_optiga_util_read_data.o
 .rodata.str1.1
                0x00000000       0x20 ./examples/example_optiga_util_read_data.o
 .rodata.__FUNCTION__.5904
                0x08009ae2       0x21 ./examples/example_optiga_util_update_count.o
 .rodata.str1.1
                0x00000000       0x20 ./examples/example_optiga_util_update_count.o
 .rodata.__FUNCTION__.5905
                0x08009b03       0x1f ./examples/example_optiga_util_write_data.o
 .rodata.str1.1
                0x00000000       0x20 ./examples/example_optiga_util_write_data.o
 .rodata.str1.1
                0x00000000       0x20 ./examples/example_pair_host_and_optiga_using_pre_shared_secret.o
 .rodata.__FUNCTION__.5999
                0x08009b22       0x35 ./examples/example_pair_host_and_optiga_using_pre_shared_secret.o
 .rodata.str1.1
                0x08009b57     0x10a3 ./optiga_shell.o
                               0x10ca (size before relaxing)
 .rodata.str1.1
                0x0800abfa        0x2 c:/users/yushev/downloads/dave_4-4-2_64bit_2018-02-23/dave-ide-4.4.2-64bit/eclipse/arm-gcc-49/bin/../lib/gcc/arm-none-eabi/4.9.3/../../../../arm-none-eabi/lib/armv7e-m/softfp\libg_nano.a(lib_a-impure.o)
 .rodata.str1.1
                0x0800abfc       0x11 c:/users/yushev/downloads/dave_4-4-2_64bit_2018-02-23/dave-ide-4.4.2-64bit/eclipse/arm-gcc-49/bin/../lib/gcc/arm-none-eabi/4.9.3/../../../../arm-none-eabi/lib/armv7e-m/softfp\libg_nano.a(lib_a-nano-svfprintf.o)
 .rodata.str1.1
                0x0800ac0d       0x22 c:/users/yushev/downloads/dave_4-4-2_64bit_2018-02-23/dave-ide-4.4.2-64bit/eclipse/arm-gcc-49/bin/../lib/gcc/arm-none-eabi/4.9.3/../../../../arm-none-eabi/lib/armv7e-m/softfp\libg_nano.a(lib_a-nano-vfprintf_i.o)
 *(.gnu.linkonce.r*)
 *(vtable)
                0x0800ac30                . = ALIGN (0x4)
 *fill*         0x0800ac2f        0x1 

.glue_7         0x0800ac30        0x0 load address 0x0c00ac30
 .glue_7        0x00000000        0x0 linker stubs

.glue_7t        0x0800ac30        0x0 load address 0x0c00ac30
 .glue_7t       0x00000000        0x0 linker stubs

.vfp11_veneer   0x0800ac30        0x0 load address 0x0c00ac30
 .vfp11_veneer  0x00000000        0x0 linker stubs

.v4_bx          0x0800ac30        0x0 load address 0x0c00ac30
 .v4_bx         0x00000000        0x0 linker stubs

.iplt           0x0800ac30        0x0 load address 0x0c00ac30
 .iplt          0x00000000        0x0 ./lib/xmc/XMCLib/src/xmc4_eru.o

.eh_frame_hdr
 *(.eh_frame_hdr)

.eh_frame       0x0800ac30       0x28 load address 0x0c00ac30
 *(.eh_frame)
 .eh_frame      0x0800ac30       0x28 c:/users/yushev/downloads/dave_4-4-2_64bit_2018-02-23/dave-ide-4.4.2-64bit/eclipse/arm-gcc-49/bin/../lib/gcc/arm-none-eabi/4.9.3/../../../../arm-none-eabi/lib/armv7e-m/softfp\libg_nano.a(lib_a-strcmp.o)

.ARM.extab
 *(.ARM.extab* .gnu.linkonce.armextab.*)
                0x0800ac58                . = ALIGN (0x4)
                0x0800ac58                __exidx_start = .

.ARM.exidx      0x0800ac58        0x8 load address 0x0c00ac58
 *(.ARM.exidx* .gnu.linkonce.armexidx.*)